[    0.000000] Linux version 6.14.6-300.fc42.x86_64 (mockbuild@d52ebe864e9b44d9a612faa06f490c58) (gcc (GCC) 15.1.1 20250425 (Red Hat 15.1.1-1), GNU ld version 2.44-3.fc42) #1 SMP PREEMPT_DYNAMIC Fri May  9 20:11:19 UTC 2025
[    0.000000] Command line: BOOT_IMAGE=(hd0,gpt5)/vmlinuz-6.14.6-300.fc42.x86_64 root=UUID=8866d839-3150-4cb9-8971-6d7f4763c710 ro rootflags=subvol=root rhgb quiet
[    0.000000] BIOS-provided physical RAM map:
[    0.000000] BIOS-e820: [mem 0x0000000000000000-0x000000000009dfff] usable
[    0.000000] BIOS-e820: [mem 0x000000000009e000-0x000000000009efff] reserved
[    0.000000] BIOS-e820: [mem 0x000000000009f000-0x000000000009ffff] usable
[    0.000000] BIOS-e820: [mem 0x00000000000a0000-0x00000000000fffff] reserved
[    0.000000] BIOS-e820: [mem 0x0000000000100000-0x000000003fffffff] usable
[    0.000000] BIOS-e820: [mem 0x0000000040000000-0x00000000403fffff] reserved
[    0.000000] BIOS-e820: [mem 0x0000000040400000-0x000000006fedcfff] usable
[    0.000000] BIOS-e820: [mem 0x000000006fedd000-0x000000006feddfff] ACPI NVS
[    0.000000] BIOS-e820: [mem 0x000000006fede000-0x000000006fedefff] reserved
[    0.000000] BIOS-e820: [mem 0x000000006fedf000-0x0000000078297fff] usable
[    0.000000] BIOS-e820: [mem 0x0000000078298000-0x0000000078945fff] reserved
[    0.000000] BIOS-e820: [mem 0x0000000078946000-0x00000000789c2fff] ACPI data
[    0.000000] BIOS-e820: [mem 0x00000000789c3000-0x0000000078e61fff] ACPI NVS
[    0.000000] BIOS-e820: [mem 0x0000000078e62000-0x000000007acfefff] reserved
[    0.000000] BIOS-e820: [mem 0x000000007acff000-0x000000007acfffff] usable
[    0.000000] BIOS-e820: [mem 0x000000007ad00000-0x000000007f7fffff] reserved
[    0.000000] BIOS-e820: [mem 0x00000000f0000000-0x00000000f7ffffff] reserved
[    0.000000] BIOS-e820: [mem 0x00000000fe000000-0x00000000fe010fff] reserved
[    0.000000] BIOS-e820: [mem 0x00000000fec00000-0x00000000fec00fff] reserved
[    0.000000] BIOS-e820: [mem 0x00000000fee00000-0x00000000fee00fff] reserved
[    0.000000] BIOS-e820: [mem 0x00000000ff000000-0x00000000ffffffff] reserved
[    0.000000] BIOS-e820: [mem 0x0000000100000000-0x000000047c7fffff] usable
[    0.000000] NX (Execute Disable) protection: active
[    0.000000] APIC: Static calls initialized
[    0.000000] e820: update [mem 0x6a0f6018-0x6a106057] usable ==> usable
[    0.000000] extended physical RAM map:
[    0.000000] reserve setup_data: [mem 0x0000000000000000-0x000000000009dfff] usable
[    0.000000] reserve setup_data: [mem 0x000000000009e000-0x000000000009efff] reserved
[    0.000000] reserve setup_data: [mem 0x000000000009f000-0x000000000009ffff] usable
[    0.000000] reserve setup_data: [mem 0x00000000000a0000-0x00000000000fffff] reserved
[    0.000000] reserve setup_data: [mem 0x0000000000100000-0x000000003fffffff] usable
[    0.000000] reserve setup_data: [mem 0x0000000040000000-0x00000000403fffff] reserved
[    0.000000] reserve setup_data: [mem 0x0000000040400000-0x000000006a0f6017] usable
[    0.000000] reserve setup_data: [mem 0x000000006a0f6018-0x000000006a106057] usable
[    0.000000] reserve setup_data: [mem 0x000000006a106058-0x000000006fedcfff] usable
[    0.000000] reserve setup_data: [mem 0x000000006fedd000-0x000000006feddfff] ACPI NVS
[    0.000000] reserve setup_data: [mem 0x000000006fede000-0x000000006fedefff] reserved
[    0.000000] reserve setup_data: [mem 0x000000006fedf000-0x0000000078297fff] usable
[    0.000000] reserve setup_data: [mem 0x0000000078298000-0x0000000078945fff] reserved
[    0.000000] reserve setup_data: [mem 0x0000000078946000-0x00000000789c2fff] ACPI data
[    0.000000] reserve setup_data: [mem 0x00000000789c3000-0x0000000078e61fff] ACPI NVS
[    0.000000] reserve setup_data: [mem 0x0000000078e62000-0x000000007acfefff] reserved
[    0.000000] reserve setup_data: [mem 0x000000007acff000-0x000000007acfffff] usable
[    0.000000] reserve setup_data: [mem 0x000000007ad00000-0x000000007f7fffff] reserved
[    0.000000] reserve setup_data: [mem 0x00000000f0000000-0x00000000f7ffffff] reserved
[    0.000000] reserve setup_data: [mem 0x00000000fe000000-0x00000000fe010fff] reserved
[    0.000000] reserve setup_data: [mem 0x00000000fec00000-0x00000000fec00fff] reserved
[    0.000000] reserve setup_data: [mem 0x00000000fee00000-0x00000000fee00fff] reserved
[    0.000000] reserve setup_data: [mem 0x00000000ff000000-0x00000000ffffffff] reserved
[    0.000000] reserve setup_data: [mem 0x0000000100000000-0x000000047c7fffff] usable
[    0.000000] efi: EFI v2.7 by American Megatrends
[    0.000000] efi: ACPI 2.0=0x7895f000 ACPI=0x7895f000 SMBIOS=0xf0000 SMBIOS 3.0=0xf0020 ESRT=0x7a6d6798 MEMATTR=0x75bd7018 MOKvar=0x7a774000 RNG=0x7895e018 
[    0.000000] random: crng init done
[    0.000000] efi: Remove mem56: MMIO range=[0xf0000000-0xf7ffffff] (128MB) from e820 map
[    0.000000] e820: remove [mem 0xf0000000-0xf7ffffff] reserved
[    0.000000] efi: Not removing mem57: MMIO range=[0xfe000000-0xfe010fff] (68KB) from e820 map
[    0.000000] efi: Not removing mem58: MMIO range=[0xfec00000-0xfec00fff] (4KB) from e820 map
[    0.000000] efi: Not removing mem59: MMIO range=[0xfee00000-0xfee00fff] (4KB) from e820 map
[    0.000000] efi: Remove mem60: MMIO range=[0xff000000-0xffffffff] (16MB) from e820 map
[    0.000000] e820: remove [mem 0xff000000-0xffffffff] reserved
[    0.000000] secureboot: Secure boot disabled
[    0.000000] SMBIOS 3.2.1 present.
[    0.000000] DMI: Dell Inc. Latitude 7300/0PYRY5, BIOS 1.38.0 02/10/2025
[    0.000000] DMI: Memory slots populated: 1/2
[    0.000000] tsc: Detected 2100.000 MHz processor
[    0.000000] tsc: Detected 2099.944 MHz TSC
[    0.000580] e820: update [mem 0x00000000-0x00000fff] usable ==> reserved
[    0.000582] e820: remove [mem 0x000a0000-0x000fffff] usable
[    0.000589] last_pfn = 0x47c800 max_arch_pfn = 0x400000000
[    0.000593] MTRR map: 6 entries (3 fixed + 3 variable; max 23), built from 10 variable MTRRs
[    0.000595] x86/PAT: Configuration [0-7]: WB  WC  UC- UC  WB  WP  UC- WT  
[    0.000954] last_pfn = 0x7ad00 max_arch_pfn = 0x400000000
[    0.006348] esrt: Reserving ESRT space from 0x000000007a6d6798 to 0x000000007a6d67d0.
[    0.006356] Using GB pages for direct mapping
[    0.006731] secureboot: Secure boot disabled
[    0.006731] RAMDISK: [mem 0x6a107000-0x6c1cffff]
[    0.006746] ACPI: Early table checksum verification disabled
[    0.006758] ACPI: RSDP 0x000000007895F000 000024 (v02 DELL  )
[    0.006762] ACPI: XSDT 0x000000007895F0B8 0000EC (v01 DELL   CBX3     01072009 AMI  00010013)
[    0.006766] ACPI: FACP 0x00000000789A42B8 000114 (v06 DELL   CBX3     01072009 AMI  00010013)
[    0.006770] ACPI: DSDT 0x000000007895F230 045086 (v02 DELL   CBX3     01072009 INTL 20160527)
[    0.006772] ACPI: FACS 0x0000000078E60C00 000040
[    0.006774] ACPI: APIC 0x00000000789A43D0 0000BC (v04 DELL   CBX3     01072009 AMI  00010013)
[    0.006776] ACPI: FPDT 0x00000000789A4490 000044 (v01 DELL   CBX3     01072009 AMI  00010013)
[    0.006778] ACPI: FIDT 0x00000000789A44D8 00009C (v01 DELL   CBX3     01072009 AMI  00010013)
[    0.006780] ACPI: MCFG 0x00000000789A4578 00003C (v01 DELL   CBX3     01072009 MSFT 00000097)
[    0.006782] ACPI: SSDT 0x00000000789A45B8 001B26 (v02 CpuRef CpuSsdt  00003000 INTL 20160527)
[    0.006784] ACPI: BOOT 0x00000000789A60E0 000028 (v01 DELL   CBX3     01072009 AMI  00010013)
[    0.006786] ACPI: SSDT 0x00000000789A6108 001663 (v02 SaSsdt SaSsdt   00003000 INTL 20160527)
[    0.006788] ACPI: HPET 0x00000000789A7770 000038 (v01 DELL\x CBX3     00000002      01000013)
[    0.006790] ACPI: SSDT 0x00000000789A77A8 00208B (v02 DELL\x WHL_Tbt_ 00001000 INTL 20160527)
[    0.006792] ACPI: SSDT 0x00000000789A9838 0030D6 (v02 INTEL  xh_whld4 00000000 INTL 20160527)
[    0.006794] ACPI: UEFI 0x00000000789AC910 000042 (v01 DELL\x CBX3     00000002      01000013)
[    0.006795] ACPI: LPIT 0x00000000789AC958 000094 (v01 DELL\x CBX3     00000002      01000013)
[    0.006797] ACPI: SSDT 0x00000000789AC9F0 0027DE (v02 DELL\x PtidDevc 00001000 INTL 20160527)
[    0.006799] ACPI: SSDT 0x00000000789AF1D0 000AE4 (v02 DELL\x TbtTypeC 00000000 INTL 20160527)
[    0.006801] ACPI: DBGP 0x00000000789AFCB8 000034 (v01 DELL\x CBX3     00000002      01000013)
[    0.006803] ACPI: DBG2 0x00000000789AFCF0 000054 (v00 DELL\x CBX3     00000002      01000013)
[    0.006805] ACPI: SSDT 0x00000000789AFD48 0007C6 (v02 DELL\x UsbCTabl 00001000 INTL 20160527)
[    0.006807] ACPI: SSDT 0x00000000789B0510 0059DA (v02 DptfTa DptfTabl 00001000 INTL 20160527)
[    0.006809] ACPI: SLIC 0x00000000789B5EF0 000176 (v03 DELL   CBX3     01072009 MSFT 00010013)
[    0.006811] ACPI: DMAR 0x00000000789B6068 0000C8 (v01 INTEL  EDK2     00000002      01000013)
[    0.006813] ACPI: SSDT 0x00000000789B6130 000144 (v02 Intel  ADebTabl 00001000 INTL 20160527)
[    0.006815] ACPI: NHLT 0x00000000789B6278 00002D (v00 INTEL  EDK2     00000002      01000013)
[    0.006817] ACPI: BGRT 0x00000000789B62A8 000038 (v00 DELL   CBX3     01072009 AMI  00010013)
[    0.006819] ACPI: ASF! 0x00000000789B62E0 0000A0 (v32 DELL\x CBX3     00000002      01000013)
[    0.006820] ACPI: Reserving FACP table memory at [mem 0x789a42b8-0x789a43cb]
[    0.006821] ACPI: Reserving DSDT table memory at [mem 0x7895f230-0x789a42b5]
[    0.006822] ACPI: Reserving FACS table memory at [mem 0x78e60c00-0x78e60c3f]
[    0.006823] ACPI: Reserving APIC table memory at [mem 0x789a43d0-0x789a448b]
[    0.006823] ACPI: Reserving FPDT table memory at [mem 0x789a4490-0x789a44d3]
[    0.006824] ACPI: Reserving FIDT table memory at [mem 0x789a44d8-0x789a4573]
[    0.006824] ACPI: Reserving MCFG table memory at [mem 0x789a4578-0x789a45b3]
[    0.006825] ACPI: Reserving SSDT table memory at [mem 0x789a45b8-0x789a60dd]
[    0.006825] ACPI: Reserving BOOT table memory at [mem 0x789a60e0-0x789a6107]
[    0.006826] ACPI: Reserving SSDT table memory at [mem 0x789a6108-0x789a776a]
[    0.006827] ACPI: Reserving HPET table memory at [mem 0x789a7770-0x789a77a7]
[    0.006827] ACPI: Reserving SSDT table memory at [mem 0x789a77a8-0x789a9832]
[    0.006828] ACPI: Reserving SSDT table memory at [mem 0x789a9838-0x789ac90d]
[    0.006828] ACPI: Reserving UEFI table memory at [mem 0x789ac910-0x789ac951]
[    0.006829] ACPI: Reserving LPIT table memory at [mem 0x789ac958-0x789ac9eb]
[    0.006829] ACPI: Reserving SSDT table memory at [mem 0x789ac9f0-0x789af1cd]
[    0.006830] ACPI: Reserving SSDT table memory at [mem 0x789af1d0-0x789afcb3]
[    0.006830] ACPI: Reserving DBGP table memory at [mem 0x789afcb8-0x789afceb]
[    0.006831] ACPI: Reserving DBG2 table memory at [mem 0x789afcf0-0x789afd43]
[    0.006832] ACPI: Reserving SSDT table memory at [mem 0x789afd48-0x789b050d]
[    0.006832] ACPI: Reserving SSDT table memory at [mem 0x789b0510-0x789b5ee9]
[    0.006833] ACPI: Reserving SLIC table memory at [mem 0x789b5ef0-0x789b6065]
[    0.006833] ACPI: Reserving DMAR table memory at [mem 0x789b6068-0x789b612f]
[    0.006834] ACPI: Reserving SSDT table memory at [mem 0x789b6130-0x789b6273]
[    0.006834] ACPI: Reserving NHLT table memory at [mem 0x789b6278-0x789b62a4]
[    0.006835] ACPI: Reserving BGRT table memory at [mem 0x789b62a8-0x789b62df]
[    0.006836] ACPI: Reserving ASF! table memory at [mem 0x789b62e0-0x789b637f]
[    0.007175] No NUMA configuration found
[    0.007176] Faking a node at [mem 0x0000000000000000-0x000000047c7fffff]
[    0.007187] NODE_DATA(0) allocated [mem 0x47c7d52c0-0x47c7fffff]
[    0.007405] Zone ranges:
[    0.007405]   DMA      [mem 0x0000000000001000-0x0000000000ffffff]
[    0.007407]   DMA32    [mem 0x0000000001000000-0x00000000ffffffff]
[    0.007408]   Normal   [mem 0x0000000100000000-0x000000047c7fffff]
[    0.007409]   Device   empty
[    0.007410] Movable zone start for each node
[    0.007412] Early memory node ranges
[    0.007412]   node   0: [mem 0x0000000000001000-0x000000000009dfff]
[    0.007413]   node   0: [mem 0x000000000009f000-0x000000000009ffff]
[    0.007414]   node   0: [mem 0x0000000000100000-0x000000003fffffff]
[    0.007415]   node   0: [mem 0x0000000040400000-0x000000006fedcfff]
[    0.007415]   node   0: [mem 0x000000006fedf000-0x0000000078297fff]
[    0.007416]   node   0: [mem 0x000000007acff000-0x000000007acfffff]
[    0.007417]   node   0: [mem 0x0000000100000000-0x000000047c7fffff]
[    0.007419] Initmem setup node 0 [mem 0x0000000000001000-0x000000047c7fffff]
[    0.007424] On node 0, zone DMA: 1 pages in unavailable ranges
[    0.007425] On node 0, zone DMA: 1 pages in unavailable ranges
[    0.007466] On node 0, zone DMA: 96 pages in unavailable ranges
[    0.013691] On node 0, zone DMA32: 1024 pages in unavailable ranges
[    0.014139] On node 0, zone DMA32: 2 pages in unavailable ranges
[    0.014307] On node 0, zone DMA32: 10855 pages in unavailable ranges
[    0.064029] On node 0, zone Normal: 21248 pages in unavailable ranges
[    0.064221] On node 0, zone Normal: 14336 pages in unavailable ranges
[    0.064236] Reserving Intel graphics memory at [mem 0x7d800000-0x7f7fffff]
[    0.064719] ACPI: PM-Timer IO Port: 0x1808
[    0.064725] ACPI: LAPIC_NMI (acpi_id[0x01] high edge lint[0x1])
[    0.064727] ACPI: LAPIC_NMI (acpi_id[0x02] high edge lint[0x1])
[    0.064727] ACPI: LAPIC_NMI (acpi_id[0x03] high edge lint[0x1])
[    0.064728] ACPI: LAPIC_NMI (acpi_id[0x04] high edge lint[0x1])
[    0.064728] ACPI: LAPIC_NMI (acpi_id[0x05] high edge lint[0x1])
[    0.064729] ACPI: LAPIC_NMI (acpi_id[0x06] high edge lint[0x1])
[    0.064729] ACPI: LAPIC_NMI (acpi_id[0x07] high edge lint[0x1])
[    0.064730] ACPI: LAPIC_NMI (acpi_id[0x08] high edge lint[0x1])
[    0.064781] IOAPIC[0]: apic_id 2, version 32, address 0xfec00000, GSI 0-119
[    0.064783] ACPI: INT_SRC_OVR (bus 0 bus_irq 0 global_irq 2 dfl dfl)
[    0.064785] ACPI: INT_SRC_OVR (bus 0 bus_irq 9 global_irq 9 high level)
[    0.064788] ACPI: Using ACPI (MADT) for SMP configuration information
[    0.064789] ACPI: HPET id: 0x8086a201 base: 0xfed00000
[    0.064794] e820: update [mem 0x733df000-0x73467fff] usable ==> reserved
[    0.064804] TSC deadline timer available
[    0.064808] CPU topo: Max. logical packages:   1
[    0.064808] CPU topo: Max. logical dies:       1
[    0.064809] CPU topo: Max. dies per package:   1
[    0.064812] CPU topo: Max. threads per core:   2
[    0.064812] CPU topo: Num. cores per package:     4
[    0.064813] CPU topo: Num. threads per package:   8
[    0.064813] CPU topo: Allowing 8 present CPUs plus 0 hotplug CPUs
[    0.064827] PM: hibernation: Registered nosave memory: [mem 0x00000000-0x00000fff]
[    0.064829] PM: hibernation: Registered nosave memory: [mem 0x0009e000-0x0009efff]
[    0.064830] PM: hibernation: Registered nosave memory: [mem 0x000a0000-0x000fffff]
[    0.064831] PM: hibernation: Registered nosave memory: [mem 0x40000000-0x403fffff]
[    0.064832] PM: hibernation: Registered nosave memory: [mem 0x6fedd000-0x6fedefff]
[    0.064833] PM: hibernation: Registered nosave memory: [mem 0x733df000-0x73467fff]
[    0.064835] PM: hibernation: Registered nosave memory: [mem 0x78298000-0x7acfefff]
[    0.064836] PM: hibernation: Registered nosave memory: [mem 0x7ad00000-0xffffffff]
[    0.064837] [mem 0x7f800000-0xfdffffff] available for PCI devices
[    0.064838] Booting paravirtualized kernel on bare hardware
[    0.064840] clocksource: refined-jiffies: mask: 0xffffffff max_cycles: 0xffffffff, max_idle_ns: 1910969940391419 ns
[    0.070894] setup_percpu: NR_CPUS:8192 nr_cpumask_bits:8 nr_cpu_ids:8 nr_node_ids:1
[    0.071952] percpu: Embedded 88 pages/cpu s237568 r8192 d114688 u524288
[    0.071958] pcpu-alloc: s237568 r8192 d114688 u524288 alloc=1*2097152
[    0.071960] pcpu-alloc: [0] 0 1 2 3 [0] 4 5 6 7 
[    0.071977] Kernel command line: BOOT_IMAGE=(hd0,gpt5)/vmlinuz-6.14.6-300.fc42.x86_64 root=UUID=8866d839-3150-4cb9-8971-6d7f4763c710 ro rootflags=subvol=root rhgb quiet
[    0.072042] Unknown kernel command line parameters "rhgb BOOT_IMAGE=(hd0,gpt5)/vmlinuz-6.14.6-300.fc42.x86_64", will be passed to user space.
[    0.072064] printk: log buffer data + meta data: 262144 + 917504 = 1179648 bytes
[    0.075492] Dentry cache hash table entries: 2097152 (order: 12, 16777216 bytes, linear)
[    0.077186] Inode-cache hash table entries: 1048576 (order: 11, 8388608 bytes, linear)
[    0.077281] Fallback order for Node 0: 0 
[    0.077284] Built 1 zonelists, mobility grouping on.  Total pages: 4146741
[    0.077285] Policy zone: Normal
[    0.078013] mem auto-init: stack:all(zero), heap alloc:on, heap free:off
[    0.078022] software IO TLB: area num 8.
[    0.172467] SLUB: HWalign=64, Order=0-3, MinObjects=0, CPUs=8, Nodes=1
[    0.172520] ftrace: allocating 61137 entries in 239 pages
[    0.191802] ftrace: allocated 239 pages with 7 groups
[    0.192385] Dynamic Preempt: lazy
[    0.192476] rcu: Preemptible hierarchical RCU implementation.
[    0.192477] rcu: 	RCU event tracing is enabled.
[    0.192477] rcu: 	RCU restricting CPUs from NR_CPUS=8192 to nr_cpu_ids=8.
[    0.192479] 	Trampoline variant of Tasks RCU enabled.
[    0.192479] 	Rude variant of Tasks RCU enabled.
[    0.192479] 	Tracing variant of Tasks RCU enabled.
[    0.192480] rcu: RCU calculated value of scheduler-enlistment delay is 100 jiffies.
[    0.192481] rcu: Adjusting geometry for rcu_fanout_leaf=16, nr_cpu_ids=8
[    0.192486] RCU Tasks: Setting shift to 3 and lim to 1 rcu_task_cb_adjust=1 rcu_task_cpu_ids=8.
[    0.192488] RCU Tasks Rude: Setting shift to 3 and lim to 1 rcu_task_cb_adjust=1 rcu_task_cpu_ids=8.
[    0.192489] RCU Tasks Trace: Setting shift to 3 and lim to 1 rcu_task_cb_adjust=1 rcu_task_cpu_ids=8.
[    0.197280] NR_IRQS: 524544, nr_irqs: 2048, preallocated irqs: 16
[    0.197582] rcu: srcu_init: Setting srcu_struct sizes based on contention.
[    0.197896] kfence: initialized - using 2097152 bytes for 255 objects at 0x(____ptrval____)-0x(____ptrval____)
[    0.197930] Console: colour dummy device 80x25
[    0.197932] printk: legacy console [tty0] enabled
[    0.197977] ACPI: Core revision 20240827
[    0.198169] hpet: HPET dysfunctional in PC10. Force disabled.
[    0.198231] APIC: Switch to symmetric I/O mode setup
[    0.198239] DMAR: Host address width 39
[    0.198240] DMAR: DRHD base: 0x000000fed90000 flags: 0x0
[    0.198249] DMAR: dmar0: reg_base_addr fed90000 ver 1:0 cap 1c0000c40660462 ecap 19e2ff0505e
[    0.198252] DMAR: DRHD base: 0x000000fed91000 flags: 0x1
[    0.198255] DMAR: dmar1: reg_base_addr fed91000 ver 1:0 cap d2008c40660462 ecap f050da
[    0.198256] DMAR: RMRR base: 0x00000078822000 end: 0x00000078841fff
[    0.198261] DMAR: RMRR base: 0x0000007d000000 end: 0x0000007f7fffff
[    0.198262] DMAR: RMRR base: 0x000000788c6000 end: 0x00000078945fff
[    0.198263] DMAR-IR: IOAPIC id 2 under DRHD base  0xfed91000 IOMMU 1
[    0.198265] DMAR-IR: HPET id 0 under DRHD base 0xfed91000
[    0.198266] DMAR-IR: Queued invalidation will be enabled to support x2apic and Intr-remapping.
[    0.200914] DMAR-IR: Enabled IRQ remapping in x2apic mode
[    0.200915] x2apic enabled
[    0.200995] APIC: Switched APIC routing to: cluster x2apic
[    0.206698] clocksource: tsc-early: mask: 0xffffffffffffffff max_cycles: 0x1e44fb6c2ab, max_idle_ns: 440795206594 ns
[    0.206702] Calibrating delay loop (skipped), value calculated using timer frequency.. 4199.88 BogoMIPS (lpj=2099944)
[    0.206732] x86/cpu: SGX disabled or unsupported by BIOS.
[    0.206737] CPU0: Thermal monitoring enabled (TM1)
[    0.206783] Last level iTLB entries: 4KB 64, 2MB 8, 4MB 8
[    0.206784] Last level dTLB entries: 4KB 64, 2MB 32, 4MB 32, 1GB 4
[    0.206787] process: using mwait in idle threads
[    0.206789] Spectre V1 : Mitigation: usercopy/swapgs barriers and __user pointer sanitization
[    0.206791] Spectre V2 : Spectre BHI mitigation: SW BHB clearing on syscall and VM exit
[    0.206791] Spectre V2 : Mitigation: Enhanced / Automatic IBRS
[    0.206792] Spectre V2 : Spectre v2 / PBRSB-eIBRS: Retire a single CALL on VMEXIT
[    0.206793] RETBleed: Mitigation: Enhanced IBRS
[    0.206795] Spectre V2 : mitigation: Enabling conditional Indirect Branch Prediction Barrier
[    0.206796] Speculative Store Bypass: Mitigation: Speculative Store Bypass disabled via prctl
[    0.206800] TAA: Mitigation: TSX disabled
[    0.206801] MMIO Stale Data: Mitigation: Clear CPU buffers
[    0.206803] SRBDS: Mitigation: Microcode
[    0.206806] GDS: Mitigation: Microcode
[    0.206812] x86/fpu: Supporting XSAVE feature 0x001: 'x87 floating point registers'
[    0.206813] x86/fpu: Supporting XSAVE feature 0x002: 'SSE registers'
[    0.206814] x86/fpu: Supporting XSAVE feature 0x004: 'AVX registers'
[    0.206814] x86/fpu: Supporting XSAVE feature 0x008: 'MPX bounds registers'
[    0.206815] x86/fpu: Supporting XSAVE feature 0x010: 'MPX CSR'
[    0.206816] x86/fpu: xstate_offset[2]:  576, xstate_sizes[2]:  256
[    0.206817] x86/fpu: xstate_offset[3]:  832, xstate_sizes[3]:   64
[    0.206818] x86/fpu: xstate_offset[4]:  896, xstate_sizes[4]:   64
[    0.206819] x86/fpu: Enabled xstate features 0x1f, context size is 960 bytes, using 'compacted' format.
[    0.207701] Freeing SMP alternatives memory: 48K
[    0.207701] pid_max: default: 32768 minimum: 301
[    0.207701] LSM: initializing lsm=lockdown,capability,yama,selinux,bpf,landlock,ipe,ima,evm
[    0.207701] Yama: becoming mindful.
[    0.207701] SELinux:  Initializing.
[    0.207701] LSM support for eBPF active
[    0.207701] landlock: Up and running.
[    0.207701] Mount-cache hash table entries: 32768 (order: 6, 262144 bytes, linear)
[    0.207701] Mountpoint-cache hash table entries: 32768 (order: 6, 262144 bytes, linear)
[    0.207701] smpboot: CPU0: Intel(R) Core(TM) i7-8665U CPU @ 1.90GHz (family: 0x6, model: 0x8e, stepping: 0xc)
[    0.207701] Performance Events: PEBS fmt3+, Skylake events, 32-deep LBR, full-width counters, Intel PMU driver.
[    0.207701] ... version:                4
[    0.207701] ... bit width:              48
[    0.207701] ... generic registers:      4
[    0.207701] ... value mask:             0000ffffffffffff
[    0.207701] ... max period:             00007fffffffffff
[    0.207701] ... fixed-purpose events:   3
[    0.207701] ... event mask:             000000070000000f
[    0.207701] signal: max sigframe size: 2032
[    0.207701] Estimated ratio of average max frequency by base frequency (times 1024): 2048
[    0.207701] rcu: Hierarchical SRCU implementation.
[    0.207701] rcu: 	Max phase no-delay instances is 400.
[    0.207701] Timer migration: 1 hierarchy levels; 8 children per group; 1 crossnode level
[    0.207701] NMI watchdog: Enabled. Permanently consumes one hw-PMU counter.
[    0.207701] smp: Bringing up secondary CPUs ...
[    0.207701] smpboot: x86: Booting SMP configuration:
[    0.207701] .... node  #0, CPUs:      #1 #2 #3 #4 #5 #6 #7
[    0.210287] MMIO Stale Data CPU bug present and SMT on, data leak possible. See https://www.kernel.org/doc/html/latest/admin-guide/hw-vuln/processor_mmio_stale_data.html for more details.
[    0.210750] smp: Brought up 1 node, 8 CPUs
[    0.210750] smpboot: Total of 8 processors activated (33599.10 BogoMIPS)
[    0.211774] Memory: 16111768K/16586964K available (21419K kernel code, 4481K rwdata, 17492K rodata, 5024K init, 4404K bss, 454784K reserved, 0K cma-reserved)
[    0.212195] devtmpfs: initialized
[    0.212195] x86/mm: Memory block size: 128MB
[    0.213256] ACPI: PM: Registering ACPI NVS region [mem 0x6fedd000-0x6feddfff] (4096 bytes)
[    0.213256] ACPI: PM: Registering ACPI NVS region [mem 0x789c3000-0x78e61fff] (4845568 bytes)
[    0.213256] clocksource: jiffies: mask: 0xffffffff max_cycles: 0xffffffff, max_idle_ns: 1911260446275000 ns
[    0.213256] futex hash table entries: 2048 (order: 5, 131072 bytes, linear)
[    0.213256] pinctrl core: initialized pinctrl subsystem
[    0.213702] PM: RTC time: 21:20:12, date: 2025-05-30
[    0.214071] NET: Registered PF_NETLINK/PF_ROUTE protocol family
[    0.214277] DMA: preallocated 2048 KiB GFP_KERNEL pool for atomic allocations
[    0.214474] DMA: preallocated 2048 KiB GFP_KERNEL|GFP_DMA pool for atomic allocations
[    0.214648] DMA: preallocated 2048 KiB GFP_KERNEL|GFP_DMA32 pool for atomic allocations
[    0.214665] audit: initializing netlink subsys (disabled)
[    0.214721] audit: type=2000 audit(1748640012.008:1): state=initialized audit_enabled=0 res=1
[    0.214823] thermal_sys: Registered thermal governor 'fair_share'
[    0.214824] thermal_sys: Registered thermal governor 'bang_bang'
[    0.214825] thermal_sys: Registered thermal governor 'step_wise'
[    0.214825] thermal_sys: Registered thermal governor 'user_space'
[    0.214839] cpuidle: using governor menu
[    0.214886] Simple Boot Flag at 0x47 set to 0x1
[    0.214886] acpiphp: ACPI Hot Plug PCI Controller Driver version: 0.5
[    0.214886] PCI: ECAM [mem 0xf0000000-0xf7ffffff] (base 0xf0000000) for domain 0000 [bus 00-7f]
[    0.214886] PCI: Using configuration type 1 for base access
[    0.215002] kprobes: kprobe jump-optimization is enabled. All kprobes are optimized if possible.
[    0.215020] HugeTLB: registered 1.00 GiB page size, pre-allocated 0 pages
[    0.215020] HugeTLB: 16380 KiB vmemmap can be freed for a 1.00 GiB page
[    0.215020] HugeTLB: registered 2.00 MiB page size, pre-allocated 0 pages
[    0.215020] HugeTLB: 28 KiB vmemmap can be freed for a 2.00 MiB page
[    0.215797] cryptd: max_cpu_qlen set to 1000
[    0.215845] raid6: skipped pq benchmark and selected avx2x4
[    0.215845] raid6: using avx2x2 recovery algorithm
[    0.215902] ACPI: Added _OSI(Module Device)
[    0.215903] ACPI: Added _OSI(Processor Device)
[    0.215904] ACPI: Added _OSI(3.0 _SCP Extensions)
[    0.215905] ACPI: Added _OSI(Processor Aggregator Device)
[    0.268608] ACPI: 10 ACPI AML tables successfully acquired and loaded
[    0.326024] ACPI: [Firmware Bug]: BIOS _OSI(Linux) query ignored
[    0.330929] ACPI: Dynamic OEM Table Load:
[    0.330935] ACPI: SSDT 0xFFFF9759422B8000 000400 (v02 PmRef  Cpu0Cst  00003001 INTL 20160527)
[    0.331742] ACPI: Dynamic OEM Table Load:
[    0.331746] ACPI: SSDT 0xFFFF9759422D1800 000560 (v02 PmRef  Cpu0Ist  00003000 INTL 20160527)
[    0.332544] ACPI: Dynamic OEM Table Load:
[    0.332547] ACPI: SSDT 0xFFFF975941508C00 0000F4 (v02 PmRef  Cpu0Psd  00003000 INTL 20160527)
[    0.333291] ACPI: Dynamic OEM Table Load:
[    0.333294] ACPI: SSDT 0xFFFF9759422F0200 00011B (v02 PmRef  Cpu0Hwp  00003000 INTL 20160527)
[    0.333991] ACPI: Dynamic OEM Table Load:
[    0.333998] ACPI: SSDT 0xFFFF9759422D3000 000724 (v02 PmRef  HwpLvt   00003000 INTL 20160527)
[    0.334877] ACPI: Dynamic OEM Table Load:
[    0.334881] ACPI: SSDT 0xFFFF9759422D7000 0005FC (v02 PmRef  ApIst    00003000 INTL 20160527)
[    0.335706] ACPI: Dynamic OEM Table Load:
[    0.335709] ACPI: SSDT 0xFFFF9759422BD800 000317 (v02 PmRef  ApHwp    00003000 INTL 20160527)
[    0.336529] ACPI: Dynamic OEM Table Load:
[    0.336533] ACPI: SSDT 0xFFFF9759422EE000 000AB0 (v02 PmRef  ApPsd    00003000 INTL 20160527)
[    0.337750] ACPI: Dynamic OEM Table Load:
[    0.337753] ACPI: SSDT 0xFFFF9759422BF400 00030A (v02 PmRef  ApCst    00003000 INTL 20160527)
[    0.340416] ACPI: EC: EC started
[    0.340417] ACPI: EC: interrupt blocked
[    0.350827] ACPI: EC: EC_CMD/EC_SC=0x934, EC_DATA=0x930
[    0.350833] ACPI: \_SB_.PCI0.LPCB.ECDV: Boot DSDT EC used to handle transactions
[    0.350834] ACPI: Interpreter enabled
[    0.350876] ACPI: PM: (supports S0 S3 S4 S5)
[    0.350877] ACPI: Using IOAPIC for interrupt routing
[    0.351701] PCI: Using host bridge windows from ACPI; if necessary, use "pci=nocrs" and report a bug
[    0.351701] PCI: Ignoring E820 reservations for host bridge windows
[    0.351701] ACPI: Enabled 10 GPEs in block 00 to 7F
[    0.356227] ACPI: \_SB_.PCI0.RP05.PXP_: New power resource
[    0.364310] ACPI: \_SB_.PCI0.XHC_.RHUB.HS10.BTPR: New power resource
[    0.365322] ACPI: \_SB_.PCI0.XDCI.USBC: New power resource
[    0.365487] ACPI: \_SB_.PCI0.PAUD: New power resource
[    0.367533] ACPI: \_SB_.PCI0.SAT0.VOL0.V0PR: New power resource
[    0.367655] ACPI: \_SB_.PCI0.SAT0.VOL1.V1PR: New power resource
[    0.367773] ACPI: \_SB_.PCI0.SAT0.VOL2.V2PR: New power resource
[    0.372707] ACPI: \_SB_.PCI0.CNVW.WRST: New power resource
[    0.392411] ACPI: \PIN_: New power resource
[    0.392922] ACPI: PCI Root Bridge [PCI0] (domain 0000 [bus 00-7e])
[    0.392928] acpi PNP0A08:00: _OSC: OS supports [ExtendedConfig ASPM ClockPM Segments MSI EDR HPX-Type3]
[    0.393993] acpi PNP0A08:00: _OSC: platform does not support [AER]
[    0.396149] acpi PNP0A08:00: _OSC: OS now controls [PCIeHotplug SHPCHotplug PME PCIeCapability LTR DPC]
[    0.397209] PCI host bridge to bus 0000:00
[    0.397213] pci_bus 0000:00: root bus resource [io  0x0000-0x0cf7 window]
[    0.397214] pci_bus 0000:00: root bus resource [io  0x0d00-0xffff window]
[    0.397216] pci_bus 0000:00: root bus resource [mem 0x000a0000-0x000dffff window]
[    0.397217] pci_bus 0000:00: root bus resource [mem 0x7f800000-0xefffffff window]
[    0.397218] pci_bus 0000:00: root bus resource [mem 0xfc800000-0xfe7fffff window]
[    0.397219] pci_bus 0000:00: root bus resource [bus 00-7e]
[    0.397242] pci 0000:00:00.0: [8086:3e34] type 00 class 0x060000 conventional PCI endpoint
[    0.397313] pci 0000:00:02.0: [8086:3ea0] type 00 class 0x030000 PCIe Root Complex Integrated Endpoint
[    0.397327] pci 0000:00:02.0: BAR 0 [mem 0xcb000000-0xcbffffff 64bit]
[    0.397329] pci 0000:00:02.0: BAR 2 [mem 0x80000000-0x8fffffff 64bit pref]
[    0.397331] pci 0000:00:02.0: BAR 4 [io  0x3000-0x303f]
[    0.397341] pci 0000:00:02.0: Video device with shadowed ROM at [mem 0x000c0000-0x000dffff]
[    0.397489] pci 0000:00:04.0: [8086:1903] type 00 class 0x118000 conventional PCI endpoint
[    0.397506] pci 0000:00:04.0: BAR 0 [mem 0xcc310000-0xcc317fff 64bit]
[    0.397721] pci 0000:00:08.0: [8086:1911] type 00 class 0x088000 conventional PCI endpoint
[    0.397738] pci 0000:00:08.0: BAR 0 [mem 0xcc32a000-0xcc32afff 64bit]
[    0.397840] pci 0000:00:12.0: [8086:9df9] type 00 class 0x118000 conventional PCI endpoint
[    0.397881] pci 0000:00:12.0: BAR 0 [mem 0xcc329000-0xcc329fff 64bit]
[    0.397992] pci 0000:00:14.0: [8086:9ded] type 00 class 0x0c0330 conventional PCI endpoint
[    0.398020] pci 0000:00:14.0: BAR 0 [mem 0xcc300000-0xcc30ffff 64bit]
[    0.398050] pci 0000:00:14.0: PME# supported from D3hot D3cold
[    0.398324] pci 0000:00:14.2: [8086:9def] type 00 class 0x050000 conventional PCI endpoint
[    0.398360] pci 0000:00:14.2: BAR 0 [mem 0xcc320000-0xcc321fff 64bit]
[    0.398363] pci 0000:00:14.2: BAR 2 [mem 0xcc328000-0xcc328fff 64bit]
[    0.398605] pci 0000:00:14.3: [8086:9df0] type 00 class 0x028000 PCIe Root Complex Integrated Endpoint
[    0.398701] pci 0000:00:14.3: BAR 0 [mem 0xcc31c000-0xcc31ffff 64bit]
[    0.399133] pci 0000:00:14.3: PME# supported from D0 D3hot D3cold
[    0.399659] pci 0000:00:15.0: [8086:9de8] type 00 class 0x0c8000 conventional PCI endpoint
[    0.399784] pci 0000:00:15.0: BAR 0 [mem 0x00000000-0x00000fff 64bit]
[    0.400214] pci 0000:00:15.1: [8086:9de9] type 00 class 0x0c8000 conventional PCI endpoint
[    0.400295] pci 0000:00:15.1: BAR 0 [mem 0x00000000-0x00000fff 64bit]
[    0.400744] pci 0000:00:15.3: [8086:9deb] type 00 class 0x0c8000 conventional PCI endpoint
[    0.400801] pci 0000:00:15.3: BAR 0 [mem 0x00000000-0x00000fff 64bit]
[    0.401145] pci 0000:00:16.0: [8086:9de0] type 00 class 0x078000 conventional PCI endpoint
[    0.401187] pci 0000:00:16.0: BAR 0 [mem 0xcc324000-0xcc324fff 64bit]
[    0.401231] pci 0000:00:16.0: PME# supported from D3hot
[    0.401613] pci 0000:00:19.0: [8086:9dc5] type 00 class 0x0c8000 conventional PCI endpoint
[    0.401699] pci 0000:00:19.0: BAR 0 [mem 0x00000000-0x00000fff 64bit]
[    0.402106] pci 0000:00:1c.0: [8086:9dbc] type 01 class 0x060400 PCIe Root Port
[    0.402123] pci 0000:00:1c.0: PCI bridge to [bus 01-39]
[    0.402127] pci 0000:00:1c.0:   bridge window [mem 0xb4000000-0xca0fffff]
[    0.402133] pci 0000:00:1c.0:   bridge window [mem 0x90000000-0xb1ffffff 64bit pref]
[    0.402185] pci 0000:00:1c.0: PME# supported from D0 D3hot D3cold
[    0.402209] pci 0000:00:1c.0: PTM enabled (root), 4ns granularity
[    0.402796] pci 0000:00:1d.0: [8086:9db3] type 01 class 0x060400 PCIe Root Port
[    0.402813] pci 0000:00:1d.0: PCI bridge to [bus 3a]
[    0.402817] pci 0000:00:1d.0:   bridge window [mem 0xcc200000-0xcc2fffff]
[    0.402873] pci 0000:00:1d.0: PME# supported from D0 D3hot D3cold
[    0.402899] pci 0000:00:1d.0: PTM enabled (root), 4ns granularity
[    0.403449] pci 0000:00:1d.4: [8086:9db4] type 01 class 0x060400 PCIe Root Port
[    0.403466] pci 0000:00:1d.4: PCI bridge to [bus 3b]
[    0.403470] pci 0000:00:1d.4:   bridge window [mem 0xcc100000-0xcc1fffff]
[    0.403526] pci 0000:00:1d.4: PME# supported from D0 D3hot D3cold
[    0.403551] pci 0000:00:1d.4: PTM enabled (root), 4ns granularity
[    0.404102] pci 0000:00:1f.0: [8086:9d84] type 00 class 0x060100 conventional PCI endpoint
[    0.404367] pci 0000:00:1f.3: [8086:9dc8] type 00 class 0x040380 conventional PCI endpoint
[    0.404437] pci 0000:00:1f.3: BAR 0 [mem 0xcc318000-0xcc31bfff 64bit]
[    0.404447] pci 0000:00:1f.3: BAR 4 [mem 0xcc000000-0xcc0fffff 64bit]
[    0.404512] pci 0000:00:1f.3: PME# supported from D3hot D3cold
[    0.405022] pci 0000:00:1f.4: [8086:9da3] type 00 class 0x0c0500 conventional PCI endpoint
[    0.405064] pci 0000:00:1f.4: BAR 0 [mem 0xcc322000-0xcc3220ff 64bit]
[    0.405076] pci 0000:00:1f.4: BAR 4 [io  0xefa0-0xefbf]
[    0.405277] pci 0000:00:1f.5: [8086:9da4] type 00 class 0x0c8000 conventional PCI endpoint
[    0.405317] pci 0000:00:1f.5: BAR 0 [mem 0xfe010000-0xfe010fff]
[    0.405469] pci 0000:01:00.0: [8086:15da] type 01 class 0x060400 PCIe Switch Upstream Port
[    0.405497] pci 0000:01:00.0: PCI bridge to [bus 02-39]
[    0.405505] pci 0000:01:00.0:   bridge window [mem 0xb4000000-0xca0fffff]
[    0.405515] pci 0000:01:00.0:   bridge window [mem 0x90000000-0xb1ffffff 64bit pref]
[    0.405528] pci 0000:01:00.0: enabling Extended Tags
[    0.405615] pci 0000:01:00.0: supports D1 D2
[    0.405616] pci 0000:01:00.0: PME# supported from D0 D1 D2 D3hot D3cold
[    0.405810] pci 0000:00:1c.0: PCI bridge to [bus 01-39]
[    0.405881] pci 0000:02:00.0: [8086:15da] type 01 class 0x060400 PCIe Switch Downstream Port
[    0.405909] pci 0000:02:00.0: PCI bridge to [bus 03]
[    0.405918] pci 0000:02:00.0:   bridge window [mem 0xca000000-0xca0fffff]
[    0.405941] pci 0000:02:00.0: enabling Extended Tags
[    0.406030] pci 0000:02:00.0: supports D1 D2
[    0.406031] pci 0000:02:00.0: PME# supported from D0 D1 D2 D3hot D3cold
[    0.406208] pci 0000:02:01.0: [8086:15da] type 01 class 0x060400 PCIe Switch Downstream Port
[    0.406236] pci 0000:02:01.0: PCI bridge to [bus 04-38]
[    0.406245] pci 0000:02:01.0:   bridge window [mem 0xb4000000-0xc9efffff]
[    0.406255] pci 0000:02:01.0:   bridge window [mem 0x90000000-0xb1ffffff 64bit pref]
[    0.406269] pci 0000:02:01.0: enabling Extended Tags
[    0.406363] pci 0000:02:01.0: supports D1 D2
[    0.406363] pci 0000:02:01.0: PME# supported from D0 D1 D2 D3hot D3cold
[    0.406539] pci 0000:02:02.0: [8086:15da] type 01 class 0x060400 PCIe Switch Downstream Port
[    0.406567] pci 0000:02:02.0: PCI bridge to [bus 39]
[    0.406576] pci 0000:02:02.0:   bridge window [mem 0xc9f00000-0xc9ffffff]
[    0.406599] pci 0000:02:02.0: enabling Extended Tags
[    0.406686] pci 0000:02:02.0: supports D1 D2
[    0.406686] pci 0000:02:02.0: PME# supported from D0 D1 D2 D3hot D3cold
[    0.406882] pci 0000:01:00.0: PCI bridge to [bus 02-39]
[    0.406958] pci 0000:03:00.0: [8086:15d9] type 00 class 0x088000 PCIe Endpoint
[    0.407011] pci 0000:03:00.0: BAR 0 [mem 0xca000000-0xca03ffff]
[    0.407014] pci 0000:03:00.0: BAR 1 [mem 0xca040000-0xca040fff]
[    0.407029] pci 0000:03:00.0: enabling Extended Tags
[    0.407139] pci 0000:03:00.0: supports D1 D2
[    0.407140] pci 0000:03:00.0: PME# supported from D0 D1 D2 D3hot D3cold
[    0.407353] pci 0000:02:00.0: PCI bridge to [bus 03]
[    0.407398] pci 0000:02:01.0: PCI bridge to [bus 04-38]
[    0.407484] pci 0000:39:00.0: [8086:15db] type 00 class 0x0c0330 PCIe Endpoint
[    0.407542] pci 0000:39:00.0: BAR 0 [mem 0xc9f00000-0xc9f0ffff]
[    0.407561] pci 0000:39:00.0: enabling Extended Tags
[    0.407677] pci 0000:39:00.0: supports D1 D2
[    0.407678] pci 0000:39:00.0: PME# supported from D0 D1 D2 D3hot D3cold
[    0.407939] pci 0000:02:02.0: PCI bridge to [bus 39]
[    0.408083] pci 0000:3a:00.0: [10ec:525a] type 00 class 0xff0000 PCIe Endpoint
[    0.408132] pci 0000:3a:00.0: BAR 1 [mem 0xcc200000-0xcc200fff]
[    0.408219] pci 0000:3a:00.0: supports D1 D2
[    0.408219] pci 0000:3a:00.0: PME# supported from D1 D2 D3hot D3cold
[    0.408419] pci 0000:00:1d.0: PCI bridge to [bus 3a]
[    0.408517] pci 0000:3b:00.0: [1179:011a] type 00 class 0x010802 PCIe Endpoint
[    0.408560] pci 0000:3b:00.0: BAR 0 [mem 0xcc100000-0xcc103fff 64bit]
[    0.408792] pci 0000:00:1d.4: PCI bridge to [bus 3b]
[    0.410502] ACPI: PCI: Interrupt link LNKA configured for IRQ 0
[    0.410566] ACPI: PCI: Interrupt link LNKB configured for IRQ 1
[    0.410627] ACPI: PCI: Interrupt link LNKC configured for IRQ 0
[    0.410688] ACPI: PCI: Interrupt link LNKD configured for IRQ 0
[    0.410754] ACPI: PCI: Interrupt link LNKE configured for IRQ 0
[    0.410814] ACPI: PCI: Interrupt link LNKF configured for IRQ 0
[    0.410875] ACPI: PCI: Interrupt link LNKG configured for IRQ 0
[    0.410936] ACPI: PCI: Interrupt link LNKH configured for IRQ 0
[    0.416240] Low-power S0 idle used by default for system suspend
[    0.423474] ACPI: EC: interrupt unblocked
[    0.423475] ACPI: EC: event unblocked
[    0.423701] ACPI: EC: EC_CMD/EC_SC=0x934, EC_DATA=0x930
[    0.423701] ACPI: EC: GPE=0x6e
[    0.423701] ACPI: \_SB_.PCI0.LPCB.ECDV: Boot DSDT EC initialization complete
[    0.423701] ACPI: \_SB_.PCI0.LPCB.ECDV: EC: Used to handle transactions and events
[    0.423727] iommu: Default domain type: Translated
[    0.423727] iommu: DMA domain TLB invalidation policy: lazy mode
[    0.423791] SCSI subsystem initialized
[    0.423791] libata version 3.00 loaded.
[    0.423791] ACPI: bus type USB registered
[    0.423791] usbcore: registered new interface driver usbfs
[    0.423791] usbcore: registered new interface driver hub
[    0.423791] usbcore: registered new device driver usb
[    0.423791] pps_core: LinuxPPS API ver. 1 registered
[    0.423791] pps_core: Software ver. 5.3.6 - Copyright 2005-2007 Rodolfo Giometti <giometti@linux.it>
[    0.423791] PTP clock support registered
[    0.423919] EDAC MC: Ver: 3.0.0
[    0.424979] efivars: Registered efivars operations
[    0.424979] NetLabel: Initializing
[    0.424979] NetLabel:  domain hash size = 128
[    0.424979] NetLabel:  protocols = UNLABELED CIPSOv4 CALIPSO
[    0.424979] NetLabel:  unlabeled traffic allowed by default
[    0.424979] mctp: management component transport protocol core
[    0.424979] NET: Registered PF_MCTP protocol family
[    0.424979] PCI: Using ACPI for IRQ routing
[    0.441431] PCI: pci_cache_line_size set to 64 bytes
[    0.441765] e820: reserve RAM buffer [mem 0x0009e000-0x0009ffff]
[    0.441767] e820: reserve RAM buffer [mem 0x6a0f6018-0x6bffffff]
[    0.441767] e820: reserve RAM buffer [mem 0x6fedd000-0x6fffffff]
[    0.441768] e820: reserve RAM buffer [mem 0x733df000-0x73ffffff]
[    0.441769] e820: reserve RAM buffer [mem 0x78298000-0x7bffffff]
[    0.441770] e820: reserve RAM buffer [mem 0x7ad00000-0x7bffffff]
[    0.441771] e820: reserve RAM buffer [mem 0x47c800000-0x47fffffff]
[    0.441798] pci 0000:00:02.0: vgaarb: setting as boot VGA device
[    0.441798] pci 0000:00:02.0: vgaarb: bridge control possible
[    0.441798] pci 0000:00:02.0: vgaarb: VGA device added: decodes=io+mem,owns=io+mem,locks=none
[    0.441798] vgaarb: loaded
[    0.441798] clocksource: Switched to clocksource tsc-early
[    0.441907] VFS: Disk quotas dquot_6.6.0
[    0.441912] VFS: Dquot-cache hash table entries: 512 (order 0, 4096 bytes)
[    0.441927] pnp: PnP ACPI init
[    0.442010] system 00:00: [mem 0x40000000-0x403fffff] has been reserved
[    0.442131] system 00:01: [io  0x0680-0x069f] has been reserved
[    0.442133] system 00:01: [io  0x164e-0x164f] has been reserved
[    0.442236] system 00:03: [io  0x1854-0x1857] has been reserved
[    0.442465] system 00:06: [mem 0xfed10000-0xfed17fff] has been reserved
[    0.442467] system 00:06: [mem 0xfed18000-0xfed18fff] has been reserved
[    0.442468] system 00:06: [mem 0xfed19000-0xfed19fff] has been reserved
[    0.442469] system 00:06: [mem 0xf0000000-0xf7ffffff] has been reserved
[    0.442471] system 00:06: [mem 0xfed20000-0xfed3ffff] has been reserved
[    0.442472] system 00:06: [mem 0xfed90000-0xfed93fff] could not be reserved
[    0.442473] system 00:06: [mem 0xfed45000-0xfed8ffff] has been reserved
[    0.442474] system 00:06: [mem 0xfee00000-0xfeefffff] could not be reserved
[    0.442648] system 00:07: [io  0x1800-0x18fe] could not be reserved
[    0.442650] system 00:07: [mem 0xfd000000-0xfd69ffff] has been reserved
[    0.442651] system 00:07: [mem 0xfd6b0000-0xfd6cffff] has been reserved
[    0.442652] system 00:07: [mem 0xfd6f0000-0xfdffffff] has been reserved
[    0.442654] system 00:07: [mem 0xfe000000-0xfe01ffff] could not be reserved
[    0.442655] system 00:07: [mem 0xfe200000-0xfe7fffff] has been reserved
[    0.442656] system 00:07: [mem 0xff000000-0xffffffff] has been reserved
[    0.442884] system 00:08: [io  0x2000-0x20fe] has been reserved
[    0.448853] pnp: PnP ACPI: found 10 devices
[    0.454456] clocksource: acpi_pm: mask: 0xffffff max_cycles: 0xffffff, max_idle_ns: 2085701024 ns
[    0.454495] NET: Registered PF_INET protocol family
[    0.454696] IP idents hash table entries: 262144 (order: 9, 2097152 bytes, linear)
[    0.466689] tcp_listen_portaddr_hash hash table entries: 8192 (order: 5, 131072 bytes, linear)
[    0.466703] Table-perturb hash table entries: 65536 (order: 6, 262144 bytes, linear)
[    0.466731] TCP established hash table entries: 131072 (order: 8, 1048576 bytes, linear)
[    0.466925] TCP bind hash table entries: 65536 (order: 9, 2097152 bytes, linear)
[    0.467090] TCP: Hash tables configured (established 131072 bind 65536)
[    0.467159] MPTCP token hash table entries: 16384 (order: 6, 393216 bytes, linear)
[    0.467217] UDP hash table entries: 8192 (order: 7, 524288 bytes, linear)
[    0.467289] UDP-Lite hash table entries: 8192 (order: 7, 524288 bytes, linear)
[    0.467354] NET: Registered PF_UNIX/PF_LOCAL protocol family
[    0.467360] NET: Registered PF_XDP protocol family
[    0.467369] pci 0000:02:01.0: bridge window [io  0x1000-0x0fff] to [bus 04-38] add_size 1000
[    0.467373] pci 0000:01:00.0: bridge window [io  0x1000-0x0fff] to [bus 02-39] add_size 1000
[    0.467375] pci 0000:00:1c.0: bridge window [io  0x1000-0x0fff] to [bus 01-39] add_size 2000
[    0.467388] pci 0000:00:15.0: BAR 0 [mem 0x7f800000-0x7f800fff 64bit]: assigned
[    0.467436] pci 0000:00:15.1: BAR 0 [mem 0x7f801000-0x7f801fff 64bit]: assigned
[    0.467482] pci 0000:00:15.3: BAR 0 [mem 0x7f802000-0x7f802fff 64bit]: assigned
[    0.467526] pci 0000:00:19.0: BAR 0 [mem 0x7f803000-0x7f803fff 64bit]: assigned
[    0.467575] pci 0000:00:1c.0: bridge window [io  0x4000-0x5fff]: assigned
[    0.467578] pci 0000:01:00.0: bridge window [io  0x4000-0x4fff]: assigned
[    0.467579] pci 0000:02:01.0: bridge window [io  0x4000-0x4fff]: assigned
[    0.467581] pci 0000:02:00.0: PCI bridge to [bus 03]
[    0.467585] pci 0000:02:00.0:   bridge window [mem 0xca000000-0xca0fffff]
[    0.467593] pci 0000:02:01.0: PCI bridge to [bus 04-38]
[    0.467595] pci 0000:02:01.0:   bridge window [io  0x4000-0x4fff]
[    0.467599] pci 0000:02:01.0:   bridge window [mem 0xb4000000-0xc9efffff]
[    0.467602] pci 0000:02:01.0:   bridge window [mem 0x90000000-0xb1ffffff 64bit pref]
[    0.467608] pci 0000:02:02.0: PCI bridge to [bus 39]
[    0.467612] pci 0000:02:02.0:   bridge window [mem 0xc9f00000-0xc9ffffff]
[    0.467619] pci 0000:01:00.0: PCI bridge to [bus 02-39]
[    0.467621] pci 0000:01:00.0:   bridge window [io  0x4000-0x4fff]
[    0.467625] pci 0000:01:00.0:   bridge window [mem 0xb4000000-0xca0fffff]
[    0.467628] pci 0000:01:00.0:   bridge window [mem 0x90000000-0xb1ffffff 64bit pref]
[    0.467633] pci 0000:00:1c.0: PCI bridge to [bus 01-39]
[    0.467635] pci 0000:00:1c.0:   bridge window [io  0x4000-0x5fff]
[    0.467637] pci 0000:00:1c.0:   bridge window [mem 0xb4000000-0xca0fffff]
[    0.467639] pci 0000:00:1c.0:   bridge window [mem 0x90000000-0xb1ffffff 64bit pref]
[    0.467643] pci 0000:00:1d.0: PCI bridge to [bus 3a]
[    0.467646] pci 0000:00:1d.0:   bridge window [mem 0xcc200000-0xcc2fffff]
[    0.467650] pci 0000:00:1d.4: PCI bridge to [bus 3b]
[    0.467653] pci 0000:00:1d.4:   bridge window [mem 0xcc100000-0xcc1fffff]
[    0.467658] pci_bus 0000:00: resource 4 [io  0x0000-0x0cf7 window]
[    0.467659] pci_bus 0000:00: resource 5 [io  0x0d00-0xffff window]
[    0.467660] pci_bus 0000:00: resource 6 [mem 0x000a0000-0x000dffff window]
[    0.467661] pci_bus 0000:00: resource 7 [mem 0x7f800000-0xefffffff window]
[    0.467662] pci_bus 0000:00: resource 8 [mem 0xfc800000-0xfe7fffff window]
[    0.467663] pci_bus 0000:01: resource 0 [io  0x4000-0x5fff]
[    0.467664] pci_bus 0000:01: resource 1 [mem 0xb4000000-0xca0fffff]
[    0.467665] pci_bus 0000:01: resource 2 [mem 0x90000000-0xb1ffffff 64bit pref]
[    0.467666] pci_bus 0000:02: resource 0 [io  0x4000-0x4fff]
[    0.467667] pci_bus 0000:02: resource 1 [mem 0xb4000000-0xca0fffff]
[    0.467668] pci_bus 0000:02: resource 2 [mem 0x90000000-0xb1ffffff 64bit pref]
[    0.467669] pci_bus 0000:03: resource 1 [mem 0xca000000-0xca0fffff]
[    0.467670] pci_bus 0000:04: resource 0 [io  0x4000-0x4fff]
[    0.467671] pci_bus 0000:04: resource 1 [mem 0xb4000000-0xc9efffff]
[    0.467672] pci_bus 0000:04: resource 2 [mem 0x90000000-0xb1ffffff 64bit pref]
[    0.467673] pci_bus 0000:39: resource 1 [mem 0xc9f00000-0xc9ffffff]
[    0.467674] pci_bus 0000:3a: resource 1 [mem 0xcc200000-0xcc2fffff]
[    0.467675] pci_bus 0000:3b: resource 1 [mem 0xcc100000-0xcc1fffff]
[    0.468306] pci 0000:01:00.0: CLS mismatch (64 != 128), using 64 bytes
[    0.468376] pci 0000:01:00.0: enabling device (0006 -> 0007)
[    0.468583] PCI-DMA: Using software bounce buffering for IO (SWIOTLB)
[    0.468584] software IO TLB: mapped [mem 0x00000000660f6000-0x000000006a0f6000] (64MB)
[    0.468665] Trying to unpack rootfs image as initramfs...
[    0.479994] AES CTR mode by8 optimization enabled
[    0.493713] Initialise system trusted keyrings
[    0.493723] Key type blacklist registered
[    0.493770] workingset: timestamp_bits=36 max_order=22 bucket_order=0
[    0.493792] zbud: loaded
[    0.494078] integrity: Platform Keyring initialized
[    0.494081] integrity: Machine keyring initialized
[    0.502306] NET: Registered PF_ALG protocol family
[    0.502308] xor: automatically using best checksumming function   avx       
[    0.502310] Key type asymmetric registered
[    0.502311] Asymmetric key parser 'x509' registered
[    0.751625] Freeing initrd memory: 33572K
[    0.754624] Block layer SCSI generic (bsg) driver version 0.4 loaded (major 245)
[    0.754657] io scheduler mq-deadline registered
[    0.754659] io scheduler kyber registered
[    0.754666] io scheduler bfq registered
[    0.755723] atomic64_test: passed for x86-64 platform with CX8 and with SSE
[    0.756024] pcieport 0000:00:1c.0: PME: Signaling with IRQ 120
[    0.756047] pcieport 0000:00:1c.0: pciehp: Slot #8 AttnBtn- PwrCtrl- MRL- AttnInd- PwrInd- HotPlug+ Surprise+ Interlock- NoCompl+ IbPresDis- LLActRep+
[    0.756355] pcieport 0000:00:1d.0: PME: Signaling with IRQ 121
[    0.756530] pcieport 0000:00:1d.4: PME: Signaling with IRQ 122
[    0.756801] pcieport 0000:02:01.0: enabling device (0006 -> 0007)
[    0.756893] pcieport 0000:02:01.0: pciehp: Slot #1 AttnBtn- PwrCtrl- MRL- AttnInd- PwrInd- HotPlug+ Surprise+ Interlock- NoCompl+ IbPresDis- LLActRep+
[    0.757110] shpchp: Standard Hot Plug PCI Controller Driver version: 0.4
[    0.758603] ACPI: AC: AC Adapter [AC] (off-line)
[    0.758645] input: Lid Switch as /devices/LNXSYSTM:00/LNXSYBUS:00/PNP0C0D:00/input/input0
[    0.758775] ACPI: button: Lid Switch [LID0]
[    0.758793] input: Power Button as /devices/LNXSYSTM:00/LNXSYBUS:00/PNP0C0C:00/input/input1
[    0.758812] ACPI: button: Power Button [PBTN]
[    0.758828] input: Sleep Button as /devices/LNXSYSTM:00/LNXSYBUS:00/PNP0C0E:00/input/input2
[    0.758839] ACPI: button: Sleep Button [SBTN]
[    0.762105] thermal LNXTHERM:00: registered as thermal_zone0
[    0.762107] ACPI: thermal: Thermal Zone [THM] (25 C)
[    0.762255] Serial: 8250/16550 driver, 32 ports, IRQ sharing enabled
[    0.773235] hpet_acpi_add: no address or irqs in _CRS
[    0.773327] Non-volatile memory driver v1.3
[    0.773334] Linux agpgart interface v0.103
[    0.773508] ACPI: bus type drm_connector registered
[    0.776563] intel-lpss 0000:00:15.0: enabling device (0000 -> 0002)
[    0.812511] ACPI: battery: Slot [BAT0] (battery present)
[    0.820489] intel-lpss 0000:00:15.1: enabling device (0000 -> 0002)
[    0.833912] intel-lpss 0000:00:15.3: enabling device (0000 -> 0002)
[    0.842627] intel-lpss 0000:00:19.0: enabling device (0000 -> 0002)
[    0.862502] xhci_hcd 0000:00:14.0: xHCI Host Controller
[    0.862530] xhci_hcd 0000:00:14.0: new USB bus registered, assigned bus number 1
[    0.863604] xhci_hcd 0000:00:14.0: hcc params 0x200077c1 hci version 0x110 quirks 0x0000000000009810
[    0.863823] xhci_hcd 0000:00:14.0: xHCI Host Controller
[    0.863845] xhci_hcd 0000:00:14.0: new USB bus registered, assigned bus number 2
[    0.863847] xhci_hcd 0000:00:14.0: Host supports USB 3.1 Enhanced SuperSpeed
[    0.863877] usb usb1: New USB device found, idVendor=1d6b, idProduct=0002, bcdDevice= 6.14
[    0.863879] usb usb1: New USB device strings: Mfr=3, Product=2, SerialNumber=1
[    0.863880] usb usb1: Product: xHCI Host Controller
[    0.863881] usb usb1: Manufacturer: Linux 6.14.6-300.fc42.x86_64 xhci-hcd
[    0.863882] usb usb1: SerialNumber: 0000:00:14.0
[    0.863964] hub 1-0:1.0: USB hub found
[    0.863979] hub 1-0:1.0: 12 ports detected
[    0.865192] usb usb2: New USB device found, idVendor=1d6b, idProduct=0003, bcdDevice= 6.14
[    0.865194] usb usb2: New USB device strings: Mfr=3, Product=2, SerialNumber=1
[    0.865196] usb usb2: Product: xHCI Host Controller
[    0.865196] usb usb2: Manufacturer: Linux 6.14.6-300.fc42.x86_64 xhci-hcd
[    0.865197] usb usb2: SerialNumber: 0000:00:14.0
[    0.865255] hub 2-0:1.0: USB hub found
[    0.865266] hub 2-0:1.0: 6 ports detected
[    0.865839] xhci_hcd 0000:39:00.0: xHCI Host Controller
[    0.865864] xhci_hcd 0000:39:00.0: new USB bus registered, assigned bus number 3
[    0.866977] xhci_hcd 0000:39:00.0: hcc params 0x200077c1 hci version 0x110 quirks 0x0000000200009810
[    0.867235] xhci_hcd 0000:39:00.0: xHCI Host Controller
[    0.867258] xhci_hcd 0000:39:00.0: new USB bus registered, assigned bus number 4
[    0.867260] xhci_hcd 0000:39:00.0: Host supports USB 3.1 Enhanced SuperSpeed
[    0.867283] usb usb3: New USB device found, idVendor=1d6b, idProduct=0002, bcdDevice= 6.14
[    0.867285] usb usb3: New USB device strings: Mfr=3, Product=2, SerialNumber=1
[    0.867286] usb usb3: Product: xHCI Host Controller
[    0.867287] usb usb3: Manufacturer: Linux 6.14.6-300.fc42.x86_64 xhci-hcd
[    0.867287] usb usb3: SerialNumber: 0000:39:00.0
[    0.867343] hub 3-0:1.0: USB hub found
[    0.867350] hub 3-0:1.0: 2 ports detected
[    0.867610] usb usb4: New USB device found, idVendor=1d6b, idProduct=0003, bcdDevice= 6.14
[    0.867612] usb usb4: New USB device strings: Mfr=3, Product=2, SerialNumber=1
[    0.867613] usb usb4: Product: xHCI Host Controller
[    0.867614] usb usb4: Manufacturer: Linux 6.14.6-300.fc42.x86_64 xhci-hcd
[    0.867614] usb usb4: SerialNumber: 0000:39:00.0
[    0.867676] hub 4-0:1.0: USB hub found
[    0.867683] hub 4-0:1.0: 2 ports detected
[    0.867956] usbcore: registered new interface driver usbserial_generic
[    0.867960] usbserial: USB Serial support registered for generic
[    0.867986] i8042: PNP: PS/2 Controller [PNP0303:PS2K,PNP0f13:PS2M] at 0x60,0x64 irq 1,12
[    0.868333] i8042: Warning: Keylock active
[    0.870062] serio: i8042 KBD port at 0x60,0x64 irq 1
[    0.870065] serio: i8042 AUX port at 0x60,0x64 irq 12
[    0.870097] mousedev: PS/2 mouse device common for all mice
[    0.870340] rtc_cmos 00:02: RTC can wake from S4
[    0.871458] rtc_cmos 00:02: registered as rtc0
[    0.871628] rtc_cmos 00:02: setting system clock to 2025-05-30T21:20:12 UTC (1748640012)
[    0.871650] rtc_cmos 00:02: alarms up to one month, y3k, 242 bytes nvram
[    0.872134] device-mapper: core: CONFIG_IMA_DISABLE_HTABLE is disabled. Duplicate IMA measurements will not be recorded in the IMA log.
[    0.872153] device-mapper: uevent: version 1.0.3
[    0.872212] device-mapper: ioctl: 4.49.0-ioctl (2025-01-17) initialised: dm-devel@lists.linux.dev
[    0.872363] intel_pstate: Intel P-state driver initializing
[    0.872584] input: AT Translated Set 2 keyboard as /devices/platform/i8042/serio0/input/input3
[    0.872886] intel_pstate: HWP enabled
[    0.873327] simple-framebuffer simple-framebuffer.0: [drm] Registered 1 planes with drm panic
[    0.873329] [drm] Initialized simpledrm 1.0.0 for simple-framebuffer.0 on minor 0
[    0.874736] fbcon: Deferring console take-over
[    0.874739] simple-framebuffer simple-framebuffer.0: [drm] fb0: simpledrmdrmfb frame buffer device
[    0.874805] hid: raw HID events driver (C) Jiri Kosina
[    0.874834] usbcore: registered new interface driver usbhid
[    0.874835] usbhid: USB HID core driver
[    0.874946] drop_monitor: Initializing network drop monitor service
[    0.875036] Initializing XFRM netlink socket
[    0.875050] NET: Registered PF_INET6 protocol family
[    0.878148] Segment Routing with IPv6
[    0.878150] RPL Segment Routing with IPv6
[    0.878157] In-situ OAM (IOAM) with IPv6
[    0.878172] mip6: Mobile IPv6
[    0.878174] NET: Registered PF_PACKET protocol family
[    0.878938] ENERGY_PERF_BIAS: Set to 'normal', was 'performance'
[    0.879248] microcode: Current revision: 0x000000fe
[    0.879540] IPI shorthand broadcast: enabled
[    0.880995] sched_clock: Marking stable (872000764, 8894228)->(945254712, -64359720)
[    0.881303] registered taskstats version 1
[    0.881878] Loading compiled-in X.509 certificates
[    0.883145] Loaded X.509 cert 'Fedora kernel signing key: 1bbbf0c59b6be88f92f45a86b90d51b9ec4f6fdf'
[    0.897471] Loaded X.509 cert 'Fedora IMA CA: a8a00c31663f853f9c6ff2564872e378af026b28'
[    0.900620] Demotion targets for Node 0: null
[    0.900622] page_owner is disabled
[    0.900736] Key type .fscrypt registered
[    0.900737] Key type fscrypt-provisioning registered
[    0.901458] Btrfs loaded, zoned=yes, fsverity=yes
[    0.901483] Key type big_key registered
[    0.914784] Key type encrypted registered
[    0.916228] integrity: Loading X.509 certificate: UEFI:db
[    0.916253] integrity: Loaded X.509 cert 'Dell Inc. UEFI DB: 5ddb772dc880660055ba0bc131886bb630a639e7'
[    0.916254] integrity: Loading X.509 certificate: UEFI:db
[    0.916270] integrity: Loaded X.509 cert 'Microsoft Corporation UEFI CA 2011: 13adbf4309bd82709c8cd54f316ed522988a1bd4'
[    0.916271] integrity: Loading X.509 certificate: UEFI:db
[    0.916282] integrity: Loaded X.509 cert 'Microsoft Windows Production PCA 2011: a92902398e16c49778cd90f99e4f9ae17c55af53'
[    0.917572] ima: No TPM chip found, activating TPM-bypass!
[    0.917575] Loading compiled-in module X.509 certificates
[    0.917958] Loaded X.509 cert 'Fedora kernel signing key: 1bbbf0c59b6be88f92f45a86b90d51b9ec4f6fdf'
[    0.917963] ima: Allocated hash algorithm: sha256
[    0.917973] ima: No architecture policies found
[    0.918001] evm: Initialising EVM extended attributes:
[    0.918003] evm: security.selinux
[    0.918004] evm: security.SMACK64 (disabled)
[    0.918005] evm: security.SMACK64EXEC (disabled)
[    0.918006] evm: security.SMACK64TRANSMUTE (disabled)
[    0.918007] evm: security.SMACK64MMAP (disabled)
[    0.918008] evm: security.apparmor (disabled)
[    0.918009] evm: security.ima
[    0.918009] evm: security.capability
[    0.918010] evm: HMAC attrs: 0x1
[    0.925233] alg: No test for 842 (842-scomp)
[    0.925253] alg: No test for 842 (842-generic)
[    0.926941] PM:   Magic number: 9:748:349
[    0.927004] platform efivars.0: hash matches
[    0.931996] RAS: Correctable Errors collector initialized.
[    0.944754] clk: Disabling unused clocks
[    0.944760] PM: genpd: Disabling unused power domains
[    0.946095] Freeing unused decrypted memory: 2028K
[    0.946993] Freeing unused kernel image (initmem) memory: 5024K
[    0.947024] Write protecting the kernel read-only data: 40960k
[    0.947861] Freeing unused kernel image (text/rodata gap) memory: 1108K
[    0.948266] Freeing unused kernel image (rodata/data gap) memory: 940K
[    0.964446] x86/mm: Checked W+X mappings: passed, no W+X pages found.
[    0.964455] Run /init as init process
[    0.964456]   with arguments:
[    0.964457]     /init
[    0.964458]     rhgb
[    0.964459]   with environment:
[    0.964459]     HOME=/
[    0.964460]     TERM=linux
[    0.964460]     BOOT_IMAGE=(hd0,gpt5)/vmlinuz-6.14.6-300.fc42.x86_64
[    1.067686] systemd[1]: Successfully made /usr/ read-only.
[    1.067803] systemd[1]: systemd 257.5-6.fc42 running in system mode (+PAM +AUDIT +SELINUX -APPARMOR +IMA +IPE +SMACK +SECCOMP -GCRYPT +GNUTLS +OPENSSL +ACL +BLKID +CURL +ELFUTILS +FIDO2 +IDN2 -IDN -IPTC +KMOD +LIBCRYPTSETUP +LIBCRYPTSETUP_PLUGINS +LIBFDISK +PCRE2 +PWQUALITY +P11KIT +QRENCODE +TPM2 +BZIP2 +LZ4 +XZ +ZLIB +ZSTD +BPF_FRAMEWORK +BTF +XKBCOMMON +UTMP +SYSVINIT +LIBARCHIVE)
[    1.067807] systemd[1]: Detected architecture x86-64.
[    1.067809] systemd[1]: Running in initrd.
[    1.068021] systemd[1]: No hostname configured, using default hostname.
[    1.068062] systemd[1]: Hostname set to <fedora>.
[    1.101973] usb 1-6: new high-speed USB device number 2 using xhci_hcd
[    1.147080] systemd[1]: Queued start job for default target initrd.target.
[    1.166536] systemd[1]: Expecting device dev-disk-by\x2duuid-8866d839\x2d3150\x2d4cb9\x2d8971\x2d6d7f4763c710.device - /dev/disk/by-uuid/8866d839-3150-4cb9-8971-6d7f4763c710...
[    1.166598] systemd[1]: Reached target initrd-usr-fs.target - Initrd /usr File System.
[    1.166618] systemd[1]: Reached target slices.target - Slice Units.
[    1.166632] systemd[1]: Reached target swap.target - Swaps.
[    1.166644] systemd[1]: Reached target timers.target - Timer Units.
[    1.166725] systemd[1]: Listening on systemd-journald-dev-log.socket - Journal Socket (/dev/log).
[    1.166799] systemd[1]: Listening on systemd-journald.socket - Journal Sockets.
[    1.166864] systemd[1]: Listening on systemd-udevd-control.socket - udev Control Socket.
[    1.166914] systemd[1]: Listening on systemd-udevd-kernel.socket - udev Kernel Socket.
[    1.166929] systemd[1]: Reached target sockets.target - Socket Units.
[    1.167834] systemd[1]: Starting kmod-static-nodes.service - Create List of Static Device Nodes...
[    1.167868] systemd[1]: memstrack.service - Memstrack Anylazing Service was skipped because no trigger condition checks were met.
[    1.169190] systemd[1]: Starting systemd-journald.service - Journal Service...
[    1.169858] systemd[1]: Starting systemd-modules-load.service - Load Kernel Modules...
[    1.170440] systemd[1]: Starting systemd-vconsole-setup.service - Virtual Console Setup...
[    1.171395] systemd[1]: Finished kmod-static-nodes.service - Create List of Static Device Nodes.
[    1.172327] systemd[1]: Starting systemd-tmpfiles-setup-dev-early.service - Create Static Device Nodes in /dev gracefully...
[    1.177132] i2c_dev: i2c /dev entries driver
[    1.183876] systemd-journald[305]: Collecting audit messages is disabled.
[    1.187244] systemd[1]: Finished systemd-tmpfiles-setup-dev-early.service - Create Static Device Nodes in /dev gracefully.
[    1.188190] systemd[1]: Starting systemd-sysusers.service - Create System Users...
[    1.195064] fuse: init (API version 7.42)
[    1.201087] systemd[1]: Finished systemd-modules-load.service - Load Kernel Modules.
[    1.201992] systemd[1]: Starting systemd-sysctl.service - Apply Kernel Variables...
[    1.206226] systemd[1]: Finished systemd-sysusers.service - Create System Users.
[    1.207073] systemd[1]: Starting systemd-tmpfiles-setup-dev.service - Create Static Device Nodes in /dev...
[    1.208377] systemd[1]: Finished systemd-sysctl.service - Apply Kernel Variables.
[    1.210106] systemd[1]: Finished systemd-vconsole-setup.service - Virtual Console Setup.
[    1.210969] systemd[1]: Starting dracut-cmdline-ask.service - dracut ask for additional cmdline parameters...
[    1.217539] systemd[1]: Started systemd-journald.service - Journal Service.
[    1.246962] usb 1-6: New USB device found, idVendor=0bda, idProduct=5538, bcdDevice=81.79
[    1.246967] usb 1-6: New USB device strings: Mfr=3, Product=1, SerialNumber=2
[    1.246969] usb 1-6: Product: Integrated_Webcam_HD
[    1.246971] usb 1-6: Manufacturer: CKFHH66P171102006182
[    1.246972] usb 1-6: SerialNumber: 200901010001
[    1.361989] usb 1-10: new full-speed USB device number 3 using xhci_hcd
[    1.406322] input: PS/2 Generic Mouse as /devices/platform/i8042/serio1/input/input5
[    1.488168] usb 1-10: New USB device found, idVendor=8087, idProduct=0aaa, bcdDevice= 0.02
[    1.488177] usb 1-10: New USB device strings: Mfr=0, Product=0, SerialNumber=0
[    1.493091] wmi_bus wmi_bus-PNP0C14:03: [Firmware Bug]: WQBC data block query control method not found
[    1.517917] tsc: Refined TSC clocksource calibration: 2112.000 MHz
[    1.517929] clocksource: tsc: mask: 0xffffffffffffffff max_cycles: 0x1e71785e5dd, max_idle_ns: 440795244814 ns
[    1.518064] clocksource: Switched to clocksource tsc
[    1.519482] rtsx_pci 0000:3a:00.0: enabling device (0000 -> 0002)
[    1.678220] input: DELL08E0:00 06CB:CD97 Mouse as /devices/pci0000:00/0000:00:15.1/i2c_designware.1/i2c-1/i2c-DELL08E0:00/0018:06CB:CD97.0001/input/input6
[    1.678348] input: DELL08E0:00 06CB:CD97 Touchpad as /devices/pci0000:00/0000:00:15.1/i2c_designware.1/i2c-1/i2c-DELL08E0:00/0018:06CB:CD97.0001/input/input7
[    1.678414] hid-generic 0018:06CB:CD97.0001: input,hidraw0: I2C HID v1.00 Mouse [DELL08E0:00 06CB:CD97] on i2c-DELL08E0:00
[    1.686548] nvme nvme0: pci function 0000:3b:00.0
[    1.696948] nvme nvme0: 8/0/0 default/read/poll queues
[    1.699782]  nvme0n1: p1 p2 p3 p4 p5 p6
[    1.731738] input: DELL08E0:00 06CB:CD97 Mouse as /devices/pci0000:00/0000:00:15.1/i2c_designware.1/i2c-1/i2c-DELL08E0:00/0018:06CB:CD97.0001/input/input9
[    1.731849] input: DELL08E0:00 06CB:CD97 Touchpad as /devices/pci0000:00/0000:00:15.1/i2c_designware.1/i2c-1/i2c-DELL08E0:00/0018:06CB:CD97.0001/input/input10
[    1.731974] hid-multitouch 0018:06CB:CD97.0001: input,hidraw0: I2C HID v1.00 Mouse [DELL08E0:00 06CB:CD97] on i2c-DELL08E0:00
[    2.096151] typec port0: bound usb4-port1 (ops connector_ops)
[    2.096160] typec port0: bound usb1-port1 (ops connector_ops)
[    2.409365] i915 0000:00:02.0: [drm] Found coffeelake/ult (device ID 3ea0) integrated display version 9.00 stepping N/A
[    2.414092] BTRFS: device label fedora devid 1 transid 6045 /dev/nvme0n1p6 (259:6) scanned by mount (511)
[    2.414491] BTRFS info (device nvme0n1p6): first mount of filesystem 8866d839-3150-4cb9-8971-6d7f4763c710
[    2.414507] BTRFS info (device nvme0n1p6): using crc32c (crc32c-x86_64) checksum algorithm
[    2.414512] BTRFS info (device nvme0n1p6): using free-space-tree
[    2.437398] i915 0000:00:02.0: vgaarb: deactivate vga console
[    2.444262] i915 0000:00:02.0: vgaarb: VGA decodes changed: olddecodes=io+mem,decodes=io+mem:owns=io+mem
[    2.446734] i915 0000:00:02.0: [drm] Finished loading DMC firmware i915/kbl_dmc_ver1_04.bin (v1.4)
[    3.758536] [drm] Initialized i915 1.6.0 for 0000:00:02.0 on minor 1
[    3.764691] ACPI: video: Video Device [GFX0] (multi-head: yes  rom: no  post: no)
[    3.766649] input: Video Bus as /devices/LNXSYSTM:00/LNXSYBUS:00/PNP0A08:00/LNXVIDEO:00/input/input12
[    3.795277] fbcon: i915drmfb (fb0) is primary device
[    3.795283] fbcon: Deferring console take-over
[    3.795290] i915 0000:00:02.0: [drm] fb0: i915drmfb frame buffer device
[    3.901421] systemd-journald[305]: Received SIGTERM from PID 1 (systemd).
[    3.976124] audit: type=1404 audit(1748640015.603:2): enforcing=1 old_enforcing=0 auid=4294967295 ses=4294967295 enabled=1 old-enabled=1 lsm=selinux res=1
[    4.012906] SELinux:  Permission nlmsg in class netlink_route_socket not defined in policy.
[    4.012911] SELinux:  Permission nlmsg in class netlink_tcpdiag_socket not defined in policy.
[    4.012913] SELinux:  Permission nlmsg in class netlink_xfrm_socket not defined in policy.
[    4.012915] SELinux:  Permission nlmsg in class netlink_audit_socket not defined in policy.
[    4.012937] SELinux: the above unknown classes and permissions will be allowed
[    4.014591] SELinux:  policy capability network_peer_controls=1
[    4.014592] SELinux:  policy capability open_perms=1
[    4.014593] SELinux:  policy capability extended_socket_class=1
[    4.014593] SELinux:  policy capability always_check_network=0
[    4.014594] SELinux:  policy capability cgroup_seclabel=1
[    4.014595] SELinux:  policy capability nnp_nosuid_transition=1
[    4.014595] SELinux:  policy capability genfs_seclabel_symlinks=1
[    4.014596] SELinux:  policy capability ioctl_skip_cloexec=0
[    4.014596] SELinux:  policy capability userspace_initial_context=0
[    4.014597] SELinux:  policy capability netlink_xperm=0
[    4.049488] audit: type=1403 audit(1748640015.676:3): auid=4294967295 ses=4294967295 lsm=selinux res=1
[    4.050178] systemd[1]: Successfully loaded SELinux policy in 74.373ms.
[    4.056680] systemd[1]: RTC configured in localtime, applying delta of 180 minutes to system time.
[    4.066758] systemd[1]: Relabeled /dev/, /dev/shm/, /run/ in 8.716ms.
[    4.070291] systemd[1]: systemd 257.5-6.fc42 running in system mode (+PAM +AUDIT +SELINUX -APPARMOR +IMA +IPE +SMACK +SECCOMP -GCRYPT +GNUTLS +OPENSSL +ACL +BLKID +CURL +ELFUTILS +FIDO2 +IDN2 -IDN -IPTC +KMOD +LIBCRYPTSETUP +LIBCRYPTSETUP_PLUGINS +LIBFDISK +PCRE2 +PWQUALITY +P11KIT +QRENCODE +TPM2 +BZIP2 +LZ4 +XZ +ZLIB +ZSTD +BPF_FRAMEWORK +BTF +XKBCOMMON +UTMP +SYSVINIT +LIBARCHIVE)
[    4.070296] systemd[1]: Detected architecture x86-64.
[    4.188012] systemd[1]: bpf-restrict-fs: LSM BPF program attached
[    4.410108] zram: Added device: zram0
[    4.579512] systemd[1]: initrd-switch-root.service: Deactivated successfully.
[    4.579621] systemd[1]: Stopped initrd-switch-root.service - Switch Root.
[    4.580388] systemd[1]: systemd-journald.service: Scheduled restart job, restart counter is at 1.
[    4.581113] systemd[1]: Created slice system-getty.slice - Slice /system/getty.
[    4.581455] systemd[1]: Created slice system-systemd\x2dfsck.slice - Slice /system/systemd-fsck.
[    4.581793] systemd[1]: Created slice system-systemd\x2dzram\x2dsetup.slice - Slice /system/systemd-zram-setup.
[    4.582152] systemd[1]: Created slice user.slice - User and Session Slice.
[    4.582182] systemd[1]: systemd-ask-password-console.path - Dispatch Password Requests to Console Directory Watch was skipped because of an unmet condition check (ConditionPathExists=!/run/plymouth/pid).
[    4.582238] systemd[1]: Started systemd-ask-password-wall.path - Forward Password Requests to Wall Directory Watch.
[    4.582475] systemd[1]: Set up automount proc-sys-fs-binfmt_misc.automount - Arbitrary Executable File Formats File System Automount Point.
[    4.582498] systemd[1]: Expecting device dev-disk-by\x2duuid-8866d839\x2d3150\x2d4cb9\x2d8971\x2d6d7f4763c710.device - /dev/disk/by-uuid/8866d839-3150-4cb9-8971-6d7f4763c710...
[    4.582510] systemd[1]: Expecting device dev-disk-by\x2duuid-9d038ece\x2d4a84\x2d4bdc\x2db8b5\x2dc601788e66f3.device - /dev/disk/by-uuid/9d038ece-4a84-4bdc-b8b5-c601788e66f3...
[    4.582522] systemd[1]: Expecting device dev-disk-by\x2duuid-D642\x2dE2DA.device - /dev/disk/by-uuid/D642-E2DA...
[    4.582535] systemd[1]: Expecting device dev-zram0.device - /dev/zram0...
[    4.582552] systemd[1]: Reached target cryptsetup.target - Local Encrypted Volumes.
[    4.582571] systemd[1]: Reached target getty.target - Login Prompts.
[    4.582593] systemd[1]: Stopped target initrd-switch-root.target - Switch Root.
[    4.582611] systemd[1]: Stopped target initrd-fs.target - Initrd File Systems.
[    4.582625] systemd[1]: Stopped target initrd-root-fs.target - Initrd Root File System.
[    4.582641] systemd[1]: Reached target integritysetup.target - Local Integrity Protected Volumes.
[    4.582689] systemd[1]: Reached target slices.target - Slice Units.
[    4.582718] systemd[1]: Reached target veritysetup.target - Local Verity Protected Volumes.
[    4.582995] systemd[1]: Listening on dm-event.socket - Device-mapper event daemon FIFOs.
[    4.584283] systemd[1]: Listening on lvm2-lvmpolld.socket - LVM2 poll daemon socket.
[    4.586466] systemd[1]: Listening on systemd-coredump.socket - Process Core Dump Socket.
[    4.587086] systemd[1]: Listening on systemd-creds.socket - Credential Encryption/Decryption.
[    4.587202] systemd[1]: Listening on systemd-initctl.socket - initctl Compatibility Named Pipe.
[    4.587569] systemd[1]: Listening on systemd-journald-audit.socket - Journal Audit Socket.
[    4.587791] systemd[1]: Listening on systemd-oomd.socket - Userspace Out-Of-Memory (OOM) Killer Socket.
[    4.587827] systemd[1]: systemd-pcrextend.socket - TPM PCR Measurements was skipped because of an unmet condition check (ConditionSecurity=measured-uki).
[    4.587841] systemd[1]: systemd-pcrlock.socket - Make TPM PCR Policy was skipped because of an unmet condition check (ConditionSecurity=measured-uki).
[    4.588657] systemd[1]: Listening on systemd-udevd-control.socket - udev Control Socket.
[    4.588859] systemd[1]: Listening on systemd-udevd-kernel.socket - udev Kernel Socket.
[    4.589523] systemd[1]: Listening on systemd-userdbd.socket - User Database Manager Socket.
[    4.591450] systemd[1]: Mounting dev-hugepages.mount - Huge Pages File System...
[    4.592497] systemd[1]: Mounting dev-mqueue.mount - POSIX Message Queue File System...
[    4.593701] systemd[1]: Mounting sys-kernel-debug.mount - Kernel Debug File System...
[    4.594474] systemd[1]: Mounting sys-kernel-tracing.mount - Kernel Trace File System...
[    4.594625] systemd[1]: auth-rpcgss-module.service - Kernel Module supporting RPCSEC_GSS was skipped because of an unmet condition check (ConditionPathExists=/etc/krb5.keytab).
[    4.594700] systemd[1]: fips-crypto-policy-overlay.service - Bind-mount FIPS crypto-policy in FIPS mode was skipped because of an unmet condition check (ConditionKernelCommandLine=fips=1).
[    4.595251] systemd[1]: iscsi-starter.service was skipped because of an unmet condition check (ConditionDirectoryNotEmpty=/var/lib/iscsi/nodes).
[    4.596311] systemd[1]: Starting kmod-static-nodes.service - Create List of Static Device Nodes...
[    4.597515] systemd[1]: Starting lvm2-monitor.service - Monitoring of LVM2 mirrors, snapshots etc. using dmeventd or progress polling...
[    4.599010] systemd[1]: Starting modprobe@configfs.service - Load Kernel Module configfs...
[    4.599944] systemd[1]: Starting modprobe@dm_mod.service - Load Kernel Module dm_mod...
[    4.601166] systemd[1]: Starting modprobe@drm.service - Load Kernel Module drm...
[    4.602382] systemd[1]: Starting modprobe@efi_pstore.service - Load Kernel Module efi_pstore...
[    4.603922] systemd[1]: Starting modprobe@fuse.service - Load Kernel Module fuse...
[    4.605004] systemd[1]: Starting modprobe@loop.service - Load Kernel Module loop...
[    4.605073] systemd[1]: plymouth-switch-root.service: Deactivated successfully.
[    4.605139] systemd[1]: Stopped plymouth-switch-root.service - Plymouth switch root service.
[    4.605395] systemd[1]: systemd-fsck-root.service: Deactivated successfully.
[    4.605456] systemd[1]: Stopped systemd-fsck-root.service - File System Check on Root Device.
[    4.605618] systemd[1]: systemd-hibernate-clear.service - Clear Stale Hibernate Storage Info was skipped because of an unmet condition check (ConditionPathExists=/sys/firmware/efi/efivars/HibernateLocation-8cf2644b-4b0b-428f-9387-6d876050dc67).
[    4.607979] systemd[1]: Starting systemd-journald.service - Journal Service...
[    4.609585] systemd[1]: Starting systemd-modules-load.service - Load Kernel Modules...
[    4.609643] systemd[1]: systemd-pcrmachine.service - TPM PCR Machine ID Measurement was skipped because of an unmet condition check (ConditionSecurity=measured-uki).
[    4.611734] systemd[1]: Starting systemd-remount-fs.service - Remount Root and Kernel File Systems...
[    4.611822] systemd[1]: systemd-tpm2-setup-early.service - Early TPM SRK Setup was skipped because of an unmet condition check (ConditionSecurity=measured-uki).
[    4.612621] loop: module loaded
[    4.613022] systemd[1]: Starting systemd-udev-load-credentials.service - Load udev Rules from Credentials...
[    4.614285] systemd[1]: Starting systemd-udev-trigger.service - Coldplug All udev Devices...
[    4.619313] systemd[1]: Mounted dev-hugepages.mount - Huge Pages File System.
[    4.619491] systemd[1]: Mounted dev-mqueue.mount - POSIX Message Queue File System.
[    4.619586] BTRFS info (device nvme0n1p6 state M): use zstd compression, level 1
[    4.621302] systemd[1]: Mounted sys-kernel-debug.mount - Kernel Debug File System.
[    4.621459] systemd[1]: Mounted sys-kernel-tracing.mount - Kernel Trace File System.
[    4.621727] systemd[1]: Finished kmod-static-nodes.service - Create List of Static Device Nodes.
[    4.622015] systemd[1]: modprobe@configfs.service: Deactivated successfully.
[    4.622221] systemd[1]: Finished modprobe@configfs.service - Load Kernel Module configfs.
[    4.622475] systemd[1]: modprobe@dm_mod.service: Deactivated successfully.
[    4.622618] systemd[1]: Finished modprobe@dm_mod.service - Load Kernel Module dm_mod.
[    4.622821] systemd[1]: modprobe@drm.service: Deactivated successfully.
[    4.622970] systemd[1]: Finished modprobe@drm.service - Load Kernel Module drm.
[    4.623170] systemd[1]: modprobe@efi_pstore.service: Deactivated successfully.
[    4.623299] systemd[1]: Finished modprobe@efi_pstore.service - Load Kernel Module efi_pstore.
[    4.623531] systemd[1]: modprobe@fuse.service: Deactivated successfully.
[    4.623668] systemd[1]: Finished modprobe@fuse.service - Load Kernel Module fuse.
[    4.623859] systemd[1]: modprobe@loop.service: Deactivated successfully.
[    4.624000] systemd[1]: Finished modprobe@loop.service - Load Kernel Module loop.
[    4.624272] systemd[1]: Finished systemd-modules-load.service - Load Kernel Modules.
[    4.624561] systemd[1]: Finished systemd-remount-fs.service - Remount Root and Kernel File Systems.
[    4.625709] systemd[1]: Mounting sys-fs-fuse-connections.mount - FUSE Control File System...
[    4.625767] systemd[1]: iscsi-onboot.service - Special handling of early boot iSCSI sessions was skipped because of an unmet condition check (ConditionDirectoryNotEmpty=/sys/class/iscsi_session).
[    4.626563] systemd[1]: systemd-hwdb-update.service - Rebuild Hardware Database was skipped because of an unmet condition check (ConditionNeedsUpdate=/etc).
[    4.626652] systemd[1]: systemd-pstore.service - Platform Persistent Storage Archival was skipped because of an unmet condition check (ConditionDirectoryNotEmpty=/sys/fs/pstore).
[    4.627949] systemd[1]: Starting systemd-random-seed.service - Load/Save OS Random Seed...
[    4.628020] systemd[1]: systemd-repart.service - Repartition Root Disk was skipped because no trigger condition checks were met.
[    4.628953] systemd-journald[622]: Collecting audit messages is enabled.
[    4.629039] systemd[1]: Starting systemd-sysctl.service - Apply Kernel Variables...
[    4.630740] systemd[1]: Starting systemd-tmpfiles-setup-dev-early.service - Create Static Device Nodes in /dev gracefully...
[    4.630788] systemd[1]: systemd-tpm2-setup.service - TPM SRK Setup was skipped because of an unmet condition check (ConditionSecurity=measured-uki).
[    4.631397] systemd[1]: Finished systemd-udev-load-credentials.service - Load udev Rules from Credentials.
[    4.631516] audit: type=1130 audit(1748629216.259:4): pid=1 uid=0 auid=4294967295 ses=4294967295 subj=system_u:system_r:init_t:s0 msg='unit=systemd-udev-load-credentials comm="systemd" exe="/usr/lib/systemd/systemd" hostname=? addr=? terminal=? res=success'
[    4.632011] systemd[1]: Mounted sys-fs-fuse-connections.mount - FUSE Control File System.
[    4.632334] systemd-journald[622]: /run/log/journal/34677573508a475d893af473a2860ff9/system.journal: Realtime clock jumped backwards relative to last journal entry, rotating.
[    4.637411] systemd[1]: Started systemd-journald.service - Journal Service.
[    4.637549] audit: type=1130 audit(1748629216.265:5): pid=1 uid=0 auid=4294967295 ses=4294967295 subj=system_u:system_r:init_t:s0 msg='unit=systemd-journald comm="systemd" exe="/usr/lib/systemd/systemd" hostname=? addr=? terminal=? res=success'
[    4.639842] audit: type=1130 audit(1748629216.267:6): pid=1 uid=0 auid=4294967295 ses=4294967295 subj=system_u:system_r:init_t:s0 msg='unit=lvm2-monitor comm="systemd" exe="/usr/lib/systemd/systemd" hostname=? addr=? terminal=? res=success'
[    4.668927] systemd-journald[622]: Received client request to flush runtime journal.
[    4.669810] audit: type=1130 audit(1748629216.297:7): pid=1 uid=0 auid=4294967295 ses=4294967295 subj=system_u:system_r:init_t:s0 msg='unit=systemd-random-seed comm="systemd" exe="/usr/lib/systemd/systemd" hostname=? addr=? terminal=? res=success'
[    4.674699] audit: type=1130 audit(1748629216.302:8): pid=1 uid=0 auid=4294967295 ses=4294967295 subj=system_u:system_r:init_t:s0 msg='unit=systemd-sysctl comm="systemd" exe="/usr/lib/systemd/systemd" hostname=? addr=? terminal=? res=success'
[    4.677987] audit: type=1334 audit(1748629216.306:9): prog-id=32 op=LOAD
[    4.678124] audit: type=1334 audit(1748629216.306:10): prog-id=33 op=LOAD
[    4.710314] systemd-journald[622]: /var/log/journal/34677573508a475d893af473a2860ff9/system.journal: Realtime clock jumped backwards relative to last journal entry, rotating.
[    4.710320] systemd-journald[622]: Rotating system journal.
[    4.925490] zram0: detected capacity change from 0 to 16777216
[    4.989677] input: Intel HID events as /devices/platform/INT33D5:00/input/input13
[    4.990002] intel-hid INT33D5:00: platform supports 5 button array
[    4.990081] input: Intel HID 5 button array as /devices/platform/INT33D5:00/input/input14
[    4.998290] Adding 8388604k swap on /dev/zram0.  Priority:100 extents:1 across:8388604k SSDsc
[    5.003217] intel_pmc_core INT33A1:00:  initialized
[    5.062836] idma64 idma64.0: Found Intel integrated DMA 64-bit
[    5.067254] idma64 idma64.1: Found Intel integrated DMA 64-bit
[    5.073955] idma64 idma64.2: Found Intel integrated DMA 64-bit
[    5.093984] mei_me 0000:00:16.0: enabling device (0000 -> 0002)
[    5.127481] i801_smbus 0000:00:1f.4: SPD Write Disable is set
[    5.127522] i801_smbus 0000:00:1f.4: SMBus using PCI interrupt
[    5.141444] input: PC Speaker as /devices/platform/pcspkr/input/input15
[    5.200970] mc: Linux media interface: v0.10
[    5.204188] cfg80211: Loading compiled-in X.509 certificates for regulatory database
[    5.204204] ACPI: bus type thunderbolt registered
[    5.204355] proc_thermal 0000:00:04.0: enabling device (0000 -> 0002)
[    5.204681] Loaded X.509 cert 'sforshee: 00b28ddf47aef9cea7'
[    5.204873] Loaded X.509 cert 'wens: 61c038651aabdcf94bd0ac7ff06c7248db18c600'
[    5.219890] dcdbas dcdbas: Dell Systems Management Base Driver (version 5.6.0-3.4)
[    5.222514] kauditd_printk_skb: 18 callbacks suppressed
[    5.222517] audit: type=1130 audit(1748629216.850:29): pid=1 uid=0 auid=4294967295 ses=4294967295 subj=system_u:system_r:init_t:s0 msg='unit=systemd-backlight@backlight:intel_backlight comm="systemd" exe="/usr/lib/systemd/systemd" hostname=? addr=? terminal=? res=success'
[    5.223562] RAPL PMU: API unit is 2^-32 Joules, 5 fixed counters, 655360 ms ovfl timer
[    5.223565] RAPL PMU: hw unit of domain pp0-core 2^-14 Joules
[    5.223567] RAPL PMU: hw unit of domain package 2^-14 Joules
[    5.223568] RAPL PMU: hw unit of domain dram 2^-14 Joules
[    5.223570] RAPL PMU: hw unit of domain pp1-gpu 2^-14 Joules
[    5.223571] RAPL PMU: hw unit of domain psys 2^-14 Joules
[    5.242851] videodev: Linux video capture interface: v2.00
[    5.264903] intel_rapl_common: Found RAPL domain package
[    5.264909] intel_rapl_common: Found RAPL domain dram
[    5.287548] Intel(R) Wireless WiFi driver for Linux
[    5.288059] iwlwifi 0000:00:14.3: enabling device (0000 -> 0002)
[    5.289266] Bluetooth: Core ver 2.22
[    5.290230] NET: Registered PF_BLUETOOTH protocol family
[    5.290233] Bluetooth: HCI device and connection manager initialized
[    5.290238] Bluetooth: HCI socket layer initialized
[    5.290241] Bluetooth: L2CAP socket layer initialized
[    5.290247] Bluetooth: SCO socket layer initialized
[    5.318946] iwlwifi 0000:00:14.3: Detected crf-id 0x2816, cnv-id 0x1000100 wfpm id 0x80000000
[    5.318958] iwlwifi 0000:00:14.3: PCI dev 9df0/4030, rev=0x312, rfid=0x105110
[    5.318962] iwlwifi 0000:00:14.3: Detected Intel(R) Wireless-AC 9560 160MHz
[    5.325068] audit: type=1131 audit(1748629216.951:30): pid=1 uid=0 auid=4294967295 ses=4294967295 subj=system_u:system_r:init_t:s0 msg='unit=systemd-vconsole-setup comm="systemd" exe="/usr/lib/systemd/systemd" hostname=? addr=? terminal=? res=success'
[    5.327068] input: Dell WMI hotkeys as /devices/platform/PNP0C14:03/wmi_bus/wmi_bus-PNP0C14:03/9DBB5994-A997-11DA-B012-B622A1EF5492/input/input16
[    5.355907] intel_rapl_common: Found RAPL domain package
[    5.355913] intel_rapl_common: Found RAPL domain core
[    5.355914] intel_rapl_common: Found RAPL domain uncore
[    5.355915] intel_rapl_common: Found RAPL domain dram
[    5.355917] intel_rapl_common: Found RAPL domain psys
[    5.365592] dell_laptop: Using i8042 filter function for receiving events
[    5.366809] usb 1-6: Found UVC 1.00 device Integrated_Webcam_HD (0bda:5538)
[    5.388372] mei_hdcp 0000:00:16.0-b638ab7e-94e2-4ea2-a552-d1c54b627f04: bound 0000:00:02.0 (ops i915_hdcp_ops [i915])
[    5.392794] iwlwifi 0000:00:14.3: WRT: Overriding region id 0
[    5.392799] iwlwifi 0000:00:14.3: WRT: Overriding region id 1
[    5.392800] iwlwifi 0000:00:14.3: WRT: Overriding region id 2
[    5.392802] iwlwifi 0000:00:14.3: WRT: Overriding region id 3
[    5.392803] iwlwifi 0000:00:14.3: WRT: Overriding region id 4
[    5.392804] iwlwifi 0000:00:14.3: WRT: Overriding region id 6
[    5.392805] iwlwifi 0000:00:14.3: WRT: Overriding region id 8
[    5.392806] iwlwifi 0000:00:14.3: WRT: Overriding region id 9
[    5.392807] iwlwifi 0000:00:14.3: WRT: Overriding region id 10
[    5.392808] iwlwifi 0000:00:14.3: WRT: Overriding region id 11
[    5.392809] iwlwifi 0000:00:14.3: WRT: Overriding region id 15
[    5.392810] iwlwifi 0000:00:14.3: WRT: Overriding region id 16
[    5.392811] iwlwifi 0000:00:14.3: WRT: Overriding region id 18
[    5.392812] iwlwifi 0000:00:14.3: WRT: Overriding region id 19
[    5.392813] iwlwifi 0000:00:14.3: WRT: Overriding region id 20
[    5.392814] iwlwifi 0000:00:14.3: WRT: Overriding region id 21
[    5.392815] iwlwifi 0000:00:14.3: WRT: Overriding region id 28
[    5.393211] iwlwifi 0000:00:14.3: loaded firmware version 46.7e3e4b69.0 9000-pu-b0-jf-b0-46.ucode op_mode iwlmvm
[    5.402681] usbcore: registered new interface driver uvcvideo
[    5.405086] iTCO_vendor_support: vendor-support=0
[    5.439479] ACPI: battery: new hook: Dell Primary Battery Extension
[    5.457099] usbcore: registered new interface driver btusb
[    5.457587] audit: type=1130 audit(1748629217.085:31): pid=1 uid=0 auid=4294967295 ses=4294967295 subj=system_u:system_r:init_t:s0 msg='unit=systemd-vconsole-setup comm="systemd" exe="/usr/lib/systemd/systemd" hostname=? addr=? terminal=? res=success'
[    5.507517] iTCO_wdt iTCO_wdt: unable to reset NO_REBOOT flag, device disabled by hardware/BIOS
[    5.522270] snd_hda_intel 0000:00:1f.3: enabling device (0000 -> 0002)
[    5.522507] snd_hda_intel 0000:00:1f.3: bound 0000:00:02.0 (ops i915_audio_component_bind_ops [i915])
[    5.528768] Bluetooth: hci0: Found device firmware: intel/ibt-17-16-1.sfi
[    5.528892] Bluetooth: hci0: Boot Address: 0x40800
[    5.528903] Bluetooth: hci0: Firmware Version: 201-12.24
[    5.533920] usb 1-10: USB disconnect, device number 3
[    5.534218] Bluetooth: hci0: FW download error recovery failed (-19)
[    5.534248] Bluetooth: hci0: sending frame failed (-19)
[    5.534255] Bluetooth: hci0: Reading supported features failed (-19)
[    5.534257] Bluetooth: hci0: Error reading debug features
[    5.534262] Bluetooth: hci0: HCI LE Coded PHY feature bit is set, but its usage is not supported.
[    5.534268] Bluetooth: hci0: sending frame failed (-19)
[    5.534271] Bluetooth: hci0: Failed to read MSFT supported features (-19)
[    5.534579] spi-nor spi0.0: supply vcc not found, using dummy regulator
[    5.544815] Creating 1 MTD partitions on "0000:00:1f.5":
[    5.544821] 0x000000000000-0x000002000000 : "BIOS"
[    5.544974] audit: type=1130 audit(1748629217.172:32): pid=1 uid=0 auid=4294967295 ses=4294967295 subj=system_u:system_r:init_t:s0 msg='unit=modprobe@dm_mod comm="systemd" exe="/usr/lib/systemd/systemd" hostname=? addr=? terminal=? res=success'
[    5.544980] audit: type=1131 audit(1748629217.172:33): pid=1 uid=0 auid=4294967295 ses=4294967295 subj=system_u:system_r:init_t:s0 msg='unit=modprobe@dm_mod comm="systemd" exe="/usr/lib/systemd/systemd" hostname=? addr=? terminal=? res=success'
[    5.553240] audit: type=1130 audit(1748629217.181:34): pid=1 uid=0 auid=4294967295 ses=4294967295 subj=system_u:system_r:init_t:s0 msg='unit=modprobe@efi_pstore comm="systemd" exe="/usr/lib/systemd/systemd" hostname=? addr=? terminal=? res=success'
[    5.553257] audit: type=1131 audit(1748629217.181:35): pid=1 uid=0 auid=4294967295 ses=4294967295 subj=system_u:system_r:init_t:s0 msg='unit=modprobe@efi_pstore comm="systemd" exe="/usr/lib/systemd/systemd" hostname=? addr=? terminal=? res=success'
[    5.553676] audit: type=1130 audit(1748629217.181:36): pid=1 uid=0 auid=4294967295 ses=4294967295 subj=system_u:system_r:init_t:s0 msg='unit=systemd-backlight@leds:dell::kbd_backlight comm="systemd" exe="/usr/lib/systemd/systemd" hostname=? addr=? terminal=? res=success'
[    5.555585] audit: type=1130 audit(1748629217.183:37): pid=1 uid=0 auid=4294967295 ses=4294967295 subj=system_u:system_r:init_t:s0 msg='unit=modprobe@loop comm="systemd" exe="/usr/lib/systemd/systemd" hostname=? addr=? terminal=? res=success'
[    5.555591] audit: type=1131 audit(1748629217.183:38): pid=1 uid=0 auid=4294967295 ses=4294967295 subj=system_u:system_r:init_t:s0 msg='unit=modprobe@loop comm="systemd" exe="/usr/lib/systemd/systemd" hostname=? addr=? terminal=? res=success'
[    5.600155] EXT4-fs (nvme0n1p5): mounted filesystem 9d038ece-4a84-4bdc-b8b5-c601788e66f3 r/w with ordered data mode. Quota mode: none.
[    5.697290] intel_tcc_cooling: Programmable TCC Offset detected
[    5.706448] snd_hda_codec_realtek hdaudioC0D0: ALC3254: picked fixup  (pin match)
[    5.707296] snd_hda_codec_realtek hdaudioC0D0: autoconfig for ALC3254: line_outs=1 (0x14/0x0/0x0/0x0/0x0) type:speaker
[    5.707300] snd_hda_codec_realtek hdaudioC0D0:    speaker_outs=0 (0x0/0x0/0x0/0x0/0x0)
[    5.707303] snd_hda_codec_realtek hdaudioC0D0:    hp_outs=1 (0x21/0x0/0x0/0x0/0x0)
[    5.707306] snd_hda_codec_realtek hdaudioC0D0:    mono: mono_out=0x0
[    5.707308] snd_hda_codec_realtek hdaudioC0D0:    inputs:
[    5.707309] snd_hda_codec_realtek hdaudioC0D0:      Internal Mic=0x12
[    5.707311] snd_hda_codec_realtek hdaudioC0D0:      Headset Mic=0x19
[    5.707313] snd_hda_codec_realtek hdaudioC0D0:      Headphone Mic=0x1b
[    5.809179] iwlwifi 0000:00:14.3: base HW address: dc:fb:48:56:14:d1, OTP minor version: 0x4
[    5.888016] ieee80211 phy0: Selected rate control algorithm 'iwl-mvm-rs'
[    5.892469] iwlwifi 0000:00:14.3 wlo1: renamed from wlan0
[    5.934906] usb 1-10: new full-speed USB device number 4 using xhci_hcd
[    6.064251] usb 1-10: New USB device found, idVendor=8087, idProduct=0aaa, bcdDevice= 0.02
[    6.064257] usb 1-10: New USB device strings: Mfr=0, Product=0, SerialNumber=0
[    6.075717] Bluetooth: hci0: Bootloader revision 0.1 build 42 week 52 2015
[    6.076720] Bluetooth: hci0: Device revision is 2
[    6.076722] Bluetooth: hci0: Secure boot is enabled
[    6.076723] Bluetooth: hci0: OTP lock is enabled
[    6.076724] Bluetooth: hci0: API lock is enabled
[    6.076725] Bluetooth: hci0: Debug lock is disabled
[    6.076726] Bluetooth: hci0: Minimum firmware build 1 week 10 2014
[    6.085467] nvme nvme0: using unchecked data buffer
[    6.122939] Bluetooth: BNEP (Ethernet Emulation) ver 1.3
[    6.122943] Bluetooth: BNEP filters: protocol multicast
[    6.122948] Bluetooth: BNEP socket layer initialized
[    6.124460] Bluetooth: hci0: Found device firmware: intel/ibt-17-16-1.sfi
[    6.124557] Bluetooth: hci0: Boot Address: 0x40800
[    6.124559] Bluetooth: hci0: Firmware Version: 201-12.24
[    6.224119] block nvme0n1: No UUID available providing old NGUID
[    6.311917] NET: Registered PF_QIPCRTR protocol family
[    6.528136] input: HDA Intel PCH Headphone Mic as /devices/pci0000:00/0000:00:1f.3/sound/card0/input17
[    6.528230] input: HDA Intel PCH HDMI/DP,pcm=3 as /devices/pci0000:00/0000:00:1f.3/sound/card0/input18
[    6.528274] input: HDA Intel PCH HDMI/DP,pcm=7 as /devices/pci0000:00/0000:00:1f.3/sound/card0/input19
[    6.528328] input: HDA Intel PCH HDMI/DP,pcm=8 as /devices/pci0000:00/0000:00:1f.3/sound/card0/input20
[    6.671823] RPC: Registered named UNIX socket transport module.
[    6.671827] RPC: Registered udp transport module.
[    6.671828] RPC: Registered tcp transport module.
[    6.671828] RPC: Registered tcp-with-tls transport module.
[    6.671829] RPC: Registered tcp NFSv4.1 backchannel transport module.
[    6.933724] iwlwifi 0000:00:14.3: Registered PHC clock: iwlwifi-PTP, with index: 0
[    7.783022] Bluetooth: hci0: Waiting for firmware download to complete
[    7.783780] Bluetooth: hci0: Firmware loaded in 1620431 usecs
[    7.783817] Bluetooth: hci0: Waiting for device to boot
[    7.797824] Bluetooth: hci0: Device booted in 13693 usecs
[    7.800602] Bluetooth: hci0: Found Intel DDC parameters: intel/ibt-17-16-1.ddc
[    7.802838] Bluetooth: hci0: Applying Intel DDC parameters completed
[    7.803879] Bluetooth: hci0: Firmware revision 0.1 build 201 week 12 2024
[    7.805906] Bluetooth: hci0: HCI LE Coded PHY feature bit is set, but its usage is not supported.
[    7.864421] Bluetooth: MGMT ver 1.23
[   10.606972] wlo1: authenticate with 00:b8:c2:5e:f5:43 (local address=2a:d0:ab:00:8a:df)
[   10.607836] wlo1: send auth to 00:b8:c2:5e:f5:43 (try 1/3)
[   10.647929] wlo1: authenticated
[   10.648981] wlo1: associate with 00:b8:c2:5e:f5:43 (try 1/3)
[   10.650661] wlo1: RX AssocResp from 00:b8:c2:5e:f5:43 (capab=0x1011 status=0 aid=5)
[   10.654178] wlo1: associated
[   11.651319] evm: overlay not supported
[   12.416003] bridge: filtering via arp/ip/ip6tables is no longer available by default. Update your scripts to load br_netfilter if you need this.
[   13.701461] Bluetooth: RFCOMM TTY layer initialized
[   13.701473] Bluetooth: RFCOMM socket layer initialized
[   13.701481] Bluetooth: RFCOMM ver 1.11
[  101.528898] usb 1-3: new full-speed USB device number 5 using xhci_hcd
[  101.659698] usb 1-3: New USB device found, idVendor=258a, idProduct=002a, bcdDevice=12.29
[  101.659710] usb 1-3: New USB device strings: Mfr=1, Product=2, SerialNumber=0
[  101.659715] usb 1-3: Product: Gaming KB 
[  101.659718] usb 1-3: Manufacturer: SINO WEALTH
[  101.663826] input: SINO WEALTH Gaming KB  as /devices/pci0000:00/0000:00:14.0/usb1/1-3/1-3:1.0/0003:258A:002A.0002/input/input21
[  101.755279] hid-generic 0003:258A:002A.0002: input,hidraw1: USB HID v1.11 Keyboard [SINO WEALTH Gaming KB ] on usb-0000:00:14.0-3/input0
[  101.761111] input: SINO WEALTH Gaming KB  System Control as /devices/pci0000:00/0000:00:14.0/usb1/1-3/1-3:1.1/0003:258A:002A.0003/input/input22
[  101.812203] input: SINO WEALTH Gaming KB  Consumer Control as /devices/pci0000:00/0000:00:14.0/usb1/1-3/1-3:1.1/0003:258A:002A.0003/input/input23
[  101.812515] input: SINO WEALTH Gaming KB  Keyboard as /devices/pci0000:00/0000:00:14.0/usb1/1-3/1-3:1.1/0003:258A:002A.0003/input/input24
[  101.813083] input: SINO WEALTH Gaming KB  Mouse as /devices/pci0000:00/0000:00:14.0/usb1/1-3/1-3:1.1/0003:258A:002A.0003/input/input25
[  101.813764] hid-generic 0003:258A:002A.0003: input,hiddev96,hidraw2: USB HID v1.11 Keyboard [SINO WEALTH Gaming KB ] on usb-0000:00:14.0-3/input1
[  120.581544] usb 1-2: new full-speed USB device number 6 using xhci_hcd
[  120.706276] usb 1-2: New USB device found, idVendor=1038, idProduct=1384, bcdDevice= 1.08
[  120.706293] usb 1-2: New USB device strings: Mfr=1, Product=2, SerialNumber=0
[  120.706300] usb 1-2: Product: Rival Gaming Mouse
[  120.706306] usb 1-2: Manufacturer: SteelSeries
[  120.711007] hid-generic 0003:1038:1384.0004: hiddev97,hidraw3: USB HID v1.11 Device [SteelSeries Rival Gaming Mouse] on usb-0000:00:14.0-2/input0
[  120.712569] input: SteelSeries Rival Gaming Mouse as /devices/pci0000:00/0000:00:14.0/usb1/1-2/1-2:1.1/0003:1038:1384.0005/input/input26
[  120.764466] hid-generic 0003:1038:1384.0005: input,hidraw4: USB HID v1.11 Mouse [SteelSeries Rival Gaming Mouse] on usb-0000:00:14.0-2/input1
[  120.766516] input: SteelSeries Rival Gaming Mouse as /devices/pci0000:00/0000:00:14.0/usb1/1-2/1-2:1.2/0003:1038:1384.0006/input/input27
[  120.818449] hid-generic 0003:1038:1384.0006: input,hidraw5: USB HID v1.11 Keyboard [SteelSeries Rival Gaming Mouse] on usb-0000:00:14.0-2/input2
[  120.821282] input: SteelSeries Rival Gaming Mouse as /devices/pci0000:00/0000:00:14.0/usb1/1-2/1-2:1.3/0003:1038:1384.0007/input/input28
[  120.872428] hid-generic 0003:1038:1384.0007: input,hidraw6: USB HID v1.11 Device [SteelSeries Rival Gaming Mouse] on usb-0000:00:14.0-2/input3
[  209.222162] xhci_hcd 0000:39:00.0: xHC error in resume, USBSTS 0x401, Reinit
[  209.222167] usb usb3: root hub lost power or was reset
[  209.222168] usb usb4: root hub lost power or was reset
[  209.930734] usb 1-1: new high-speed USB device number 7 using xhci_hcd
[  210.054447] usb 1-1: New USB device found, idVendor=18d1, idProduct=d00d, bcdDevice= 1.00
[  210.054458] usb 1-1: New USB device strings: Mfr=1, Product=2, SerialNumber=3
[  210.054463] usb 1-1: Product: Android
[  210.054467] usb 1-1: Manufacturer: Google
[  210.054470] usb 1-1: SerialNumber: 424bf52e
[  303.622795] wlo1: deauthenticated from 00:b8:c2:5e:f5:43 (Reason: 7=CLASS3_FRAME_FROM_NONASSOC_STA)
[  303.698163] wlo1: authenticate with 00:b8:c2:5e:f5:43 (local address=2a:d0:ab:00:8a:df)
[  303.699129] wlo1: send auth to 00:b8:c2:5e:f5:43 (try 1/3)
[  303.738519] wlo1: authenticated
[  303.739513] wlo1: associate with 00:b8:c2:5e:f5:43 (try 1/3)
[  303.741046] wlo1: RX AssocResp from 00:b8:c2:5e:f5:43 (capab=0x1011 status=0 aid=5)
[  303.744363] wlo1: associated
[  385.526486] wlo1: deauthenticating from 00:b8:c2:5e:f5:43 by local choice (Reason: 2=PREV_AUTH_NOT_VALID)
[  385.562011] wlo1: authenticate with 00:b8:c2:5e:f5:43 (local address=2a:d0:ab:00:8a:df)
[  385.562780] wlo1: send auth to 00:b8:c2:5e:f5:43 (try 1/3)
[  385.602140] wlo1: authenticated
[  386.176923] iwlwifi 0000:00:14.3: Not associated and the time event is over already...
[  386.177009] wlo1: Connection to AP 00:b8:c2:5e:f5:43 lost
[  390.039171] wlo1: authenticate with 00:b8:c2:7f:6f:5a (local address=2a:d0:ab:00:8a:df)
[  390.040186] wlo1: send auth to 00:b8:c2:7f:6f:5a (try 1/3)
[  390.091985] wlo1: 00:b8:c2:7f:6f:5a denied authentication (status 33)
[  392.940967] wlo1: authenticate with 00:b8:c2:5e:f5:43 (local address=2a:d0:ab:00:8a:df)
[  392.941956] wlo1: send auth to 00:b8:c2:5e:f5:43 (try 1/3)
[  392.981109] wlo1: authenticated
[  392.981823] wlo1: associate with 00:b8:c2:5e:f5:43 (try 1/3)
[  392.983181] wlo1: RX AssocResp from 00:b8:c2:5e:f5:43 (capab=0x1011 status=0 aid=5)
[  392.986902] wlo1: associated
[  395.201179] usb 1-1: USB disconnect, device number 7
[  395.677253] xhci_hcd 0000:39:00.0: xHC error in resume, USBSTS 0x401, Reinit
[  395.677262] usb usb3: root hub lost power or was reset
[  395.677265] usb usb4: root hub lost power or was reset
[  433.915890] usb 1-2: USB disconnect, device number 6
[  489.873275] usb 1-2: new full-speed USB device number 8 using xhci_hcd
[  490.000067] usb 1-2: New USB device found, idVendor=1038, idProduct=1384, bcdDevice= 1.08
[  490.000072] usb 1-2: New USB device strings: Mfr=1, Product=2, SerialNumber=0
[  490.000074] usb 1-2: Product: Rival Gaming Mouse
[  490.000076] usb 1-2: Manufacturer: SteelSeries
[  490.002675] hid-generic 0003:1038:1384.0008: hiddev97,hidraw3: USB HID v1.11 Device [SteelSeries Rival Gaming Mouse] on usb-0000:00:14.0-2/input0
[  490.003654] input: SteelSeries Rival Gaming Mouse as /devices/pci0000:00/0000:00:14.0/usb1/1-2/1-2:1.1/0003:1038:1384.0009/input/input29
[  490.054917] hid-generic 0003:1038:1384.0009: input,hidraw4: USB HID v1.11 Mouse [SteelSeries Rival Gaming Mouse] on usb-0000:00:14.0-2/input1
[  490.057253] input: SteelSeries Rival Gaming Mouse as /devices/pci0000:00/0000:00:14.0/usb1/1-2/1-2:1.2/0003:1038:1384.000A/input/input30
[  490.108885] hid-generic 0003:1038:1384.000A: input,hidraw5: USB HID v1.11 Keyboard [SteelSeries Rival Gaming Mouse] on usb-0000:00:14.0-2/input2
[  490.112152] input: SteelSeries Rival Gaming Mouse as /devices/pci0000:00/0000:00:14.0/usb1/1-2/1-2:1.3/0003:1038:1384.000B/input/input31
[  490.163807] hid-generic 0003:1038:1384.000B: input,hidraw6: USB HID v1.11 Device [SteelSeries Rival Gaming Mouse] on usb-0000:00:14.0-2/input3
[  497.742140] usb 1-1: new high-speed USB device number 9 using xhci_hcd
[  497.874937] usb 1-1: New USB device found, idVendor=18d1, idProduct=d001, bcdDevice= 6.09
[  497.874942] usb 1-1: New USB device strings: Mfr=1, Product=2, SerialNumber=3
[  497.874943] usb 1-1: Product: Xiaomi Redmi Note 9 Pro / Redmi Note 9S
[  497.874944] usb 1-1: Manufacturer: Xiaomi
[  497.874945] usb 1-1: SerialNumber: postmarketOS
[  497.891680] usbcore: registered new interface driver cdc_ether
[  497.922152] cdc_ncm 1-1:1.0: MAC-Address: 16:d6:4f:01:e9:d6
[  497.922371] cdc_ncm 1-1:1.0 usb0: register 'cdc_ncm' at usb-0000:00:14.0-1, CDC NCM (NO ZLP), 16:d6:4f:01:e9:d6
[  497.922428] usbcore: registered new interface driver cdc_ncm
[  497.925307] usbcore: registered new interface driver cdc_wdm
[  497.927714] usbcore: registered new interface driver cdc_mbim
[  497.932449] cdc_ncm 1-1:1.0 enp0s20f0u1: renamed from usb0
[  498.003512] xhci_hcd 0000:39:00.0: xHC error in resume, USBSTS 0x401, Reinit
[  498.003518] usb usb3: root hub lost power or was reset
[  498.003519] usb usb4: root hub lost power or was reset
[  498.436324] usb 1-1: USB disconnect, device number 9
[  498.436581] cdc_ncm 1-1:1.0 enp0s20f0u1: unregister 'cdc_ncm' usb-0000:00:14.0-1, CDC NCM (NO ZLP)
[  499.658198] usb 1-1: new high-speed USB device number 10 using xhci_hcd
